Component: Arm Compiler for Embedded 6.24 Tool: armlink [5f371500]

==============================================================================

Section Cross References

    startup_stm32f405xx.o(RESET) refers to startup_stm32f405xx.o(STACK) for __initial_sp
    startup_stm32f405xx.o(RESET) refers to startup_stm32f405xx.o(.text) for Reset_Handler
    startup_stm32f405xx.o(RESET) refers to stm32f4xx_it.o(.text.NMI_Handler) for NMI_Handler
    startup_stm32f405xx.o(RESET) refers to stm32f4xx_it.o(.text.HardFault_Handler) for HardFault_Handler
    startup_stm32f405xx.o(RESET) refers to stm32f4xx_it.o(.text.MemManage_Handler) for MemManage_Handler
    startup_stm32f405xx.o(RESET) refers to stm32f4xx_it.o(.text.BusFault_Handler) for BusFault_Handler
    startup_stm32f405xx.o(RESET) refers to stm32f4xx_it.o(.text.UsageFault_Handler) for UsageFault_Handler
    startup_stm32f405xx.o(RESET) refers to stm32f4xx_it.o(.text.SVC_Handler) for SVC_Handler
    startup_stm32f405xx.o(RESET) refers to stm32f4xx_it.o(.text.DebugMon_Handler) for DebugMon_Handler
    startup_stm32f405xx.o(RESET) refers to stm32f4xx_it.o(.text.PendSV_Handler) for PendSV_Handler
    startup_stm32f405xx.o(RESET) refers to stm32f4xx_it.o(.text.SysTick_Handler) for SysTick_Handler
    startup_stm32f405xx.o(RESET) refers to stm32f4xx_it.o(.text.USART1_IRQHandler) for USART1_IRQHandler
    startup_stm32f405xx.o(RESET) refers to stm32f4xx_it.o(.text.USART2_IRQHandler) for USART2_IRQHandler
    startup_stm32f405xx.o(RESET) refers to stm32f4xx_it.o(.text.USART3_IRQHandler) for USART3_IRQHandler
    startup_stm32f405xx.o(RESET) refers to stm32f4xx_it.o(.text.UART4_IRQHandler) for UART4_IRQHandler
    startup_stm32f405xx.o(RESET) refers to stm32f4xx_it.o(.text.UART5_IRQHandler) for UART5_IRQHandler
    startup_stm32f405xx.o(RESET) refers to stm32f4xx_it.o(.text.USART6_IRQHandler) for USART6_IRQHandler
    startup_stm32f405xx.o(.text) refers to system_stm32f4xx.o(.text.SystemInit) for SystemInit
    startup_stm32f405xx.o(.text) refers to entry.o(.ARM.Collect$$$$00000000) for __main
    cjson.o(.text) refers (Special) to scanf_fp.o(.text) for _scanf_real
    cjson.o(.text.cJSON_GetErrorPtr) refers (Special) to scanf_fp.o(.text) for _scanf_real
    cjson.o(.text.cJSON_GetErrorPtr) refers to cjson.o(.bss.global_error.0) for global_error.0
    cjson.o(.text.cJSON_GetErrorPtr) refers to cjson.o(.bss.global_error.1) for global_error.1
    cjson.o(.ARM.exidx.text.cJSON_GetErrorPtr) refers (Special) to scanf_fp.o(.text) for _scanf_real
    cjson.o(.ARM.exidx.text.cJSON_GetErrorPtr) refers to cjson.o(.text.cJSON_GetErrorPtr) for [Anonymous Symbol]
    cjson.o(.text.cJSON_GetStringValue) refers (Special) to scanf_fp.o(.text) for _scanf_real
    cjson.o(.ARM.exidx.text.cJSON_GetStringValue) refers (Special) to scanf_fp.o(.text) for _scanf_real
    cjson.o(.ARM.exidx.text.cJSON_GetStringValue) refers to cjson.o(.text.cJSON_GetStringValue) for [Anonymous Symbol]
    cjson.o(.text.cJSON_IsString) refers (Special) to scanf_fp.o(.text) for _scanf_real
    cjson.o(.ARM.exidx.text.cJSON_IsString) refers (Special) to scanf_fp.o(.text) for _scanf_real
    cjson.o(.ARM.exidx.text.cJSON_IsString) refers to cjson.o(.text.cJSON_IsString) for [Anonymous Symbol]
    cjson.o(.text.cJSON_GetNumberValue) refers (Special) to scanf_fp.o(.text) for _scanf_real
    cjson.o(.ARM.exidx.text.cJSON_GetNumberValue) refers (Special) to scanf_fp.o(.text) for _scanf_real
    cjson.o(.ARM.exidx.text.cJSON_GetNumberValue) refers to cjson.o(.text.cJSON_GetNumberValue) for [Anonymous Symbol]
    cjson.o(.text.cJSON_IsNumber) refers (Special) to scanf_fp.o(.text) for _scanf_real
    cjson.o(.ARM.exidx.text.cJSON_IsNumber) refers (Special) to scanf_fp.o(.text) for _scanf_real
    cjson.o(.ARM.exidx.text.cJSON_IsNumber) refers to cjson.o(.text.cJSON_IsNumber) for [Anonymous Symbol]
    cjson.o(.text.cJSON_Version) refers (Special) to scanf_fp.o(.text) for _scanf_real
    cjson.o(.text.cJSON_Version) refers to cjson.o(.bss.cJSON_Version.version) for cJSON_Version.version
    cjson.o(.text.cJSON_Version) refers to printfa.o(i.__0sprintf) for __2sprintf
    cjson.o(.ARM.exidx.text.cJSON_Version) refers (Special) to scanf_fp.o(.text) for _scanf_real
    cjson.o(.ARM.exidx.text.cJSON_Version) refers to cjson.o(.text.cJSON_Version) for [Anonymous Symbol]
    cjson.o(.text.cJSON_InitHooks) refers (Special) to scanf_fp.o(.text) for _scanf_real
    cjson.o(.text.cJSON_InitHooks) refers to cjson.o(.data.global_hooks) for global_hooks
    cjson.o(.text.cJSON_InitHooks) refers to mallocr.o(i.__malloc$realloc) for malloc
    cjson.o(.text.cJSON_InitHooks) refers to mallocr.o(i.__free$realloc) for free
    cjson.o(.text.cJSON_InitHooks) refers to mallocr.o(i.realloc) for realloc
    cjson.o(.ARM.exidx.text.cJSON_InitHooks) refers (Special) to scanf_fp.o(.text) for _scanf_real
    cjson.o(.ARM.exidx.text.cJSON_InitHooks) refers to cjson.o(.text.cJSON_InitHooks) for [Anonymous Symbol]
[...]
    .data                                    0x20000004   Section        4  mvars.o(.data)
    .data                                    0x20000008   Section        4  mvars.o(.data)
    _errno                                   0x2000000c   Data           4  errno.o(.data)
    .data                                    0x2000000c   Section        4  errno.o(.data)
    System_ProcessCommand.s_last_mode        0x20000014   Data           1  main.o(.data.System_ProcessCommand.s_last_mode)
    [Anonymous Symbol]                       0x20000014   Section        0  main.o(.data.System_ProcessCommand.s_last_mode)
    global_hooks                             0x20000018   Data          12  cjson.o(.data.global_hooks)
    [Anonymous Symbol]                       0x20000018   Section        0  cjson.o(.data.global_hooks)
    s_max_speed                              0x20000024   Data           1  navigation_controller.o(.data.s_max_speed)
    [Anonymous Symbol]                       0x20000024   Section        0  navigation_controller.o(.data.s_max_speed)
    LED_Blink_Callback.last_tick             0x20000030   Data           4  led.o(.bss.LED_Blink_Callback.last_tick)
    [Anonymous Symbol]                       0x20000030   Section        0  led.o(.bss.LED_Blink_Callback.last_tick)
    System_ProcessCommand.s_last_target_lat  0x20000034   Data           4  main.o(.bss.System_ProcessCommand.s_last_target_lat)
    [Anonymous Symbol]                       0x20000034   Section        0  main.o(.bss.System_ProcessCommand.s_last_target_lat)
    System_ProcessCommand.s_last_target_lon  0x20000038   Data           4  main.o(.bss.System_ProcessCommand.s_last_target_lon)
    [Anonymous Symbol]                       0x20000038   Section        0  main.o(.bss.System_ProcessCommand.s_last_target_lon)
    System_SendDriverCommand.last_send_tick  0x2000003c   Data           4  main.o(.bss.System_SendDriverCommand.last_send_tick)
    [Anonymous Symbol]                       0x2000003c   Section        0  main.o(.bss.System_SendDriverCommand.last_send_tick)
    System_UpdateNavigation.last_print_tick  0x20000040   Data           4  main.o(.bss.System_UpdateNavigation.last_print_tick)
    [Anonymous Symbol]                       0x20000040   Section        0  main.o(.bss.System_UpdateNavigation.last_print_tick)
    System_UpdateNavigation.last_update_tick 0x20000044   Data           4  main.o(.bss.System_UpdateNavigation.last_update_tick)
    [Anonymous Symbol]                       0x20000044   Section        0  main.o(.bss.System_UpdateNavigation.last_update_tick)
    System_UpdateSensors.gnss_anomaly_count  0x20000048   Data           1  main.o(.bss.System_UpdateSensors.gnss_anomaly_count)
    [Anonymous Symbol]                       0x20000048   Section        0  main.o(.bss.System_UpdateSensors.gnss_anomaly_count)
    System_UpdateSensors.heading_anomaly_count 0x20000049   Data           1  main.o(.bss.System_UpdateSensors.heading_anomaly_count)
    [Anonymous Symbol]                       0x20000049   Section        0  main.o(.bss.System_UpdateSensors.heading_anomaly_count)
    System_UpdateSensors.last_update_tick    0x2000004c   Data           4  main.o(.bss.System_UpdateSensors.last_update_tick)
    [Anonymous Symbol]                       0x2000004c   Section        0  main.o(.bss.System_UpdateSensors.last_update_tick)
    System_UpdateSensors.sensor_index        0x20000050   Data           1  main.o(.bss.System_UpdateSensors.sensor_index)
    [Anonymous Symbol]                       0x20000050   Section        0  main.o(.bss.System_UpdateSensors.sensor_index)
    System_UpdateTelemetry.last_send_tick    0x20000054   Data           4  main.o(.bss.System_UpdateTelemetry.last_send_tick)
    [Anonymous Symbol]                       0x20000054   Section        0  main.o(.bss.System_UpdateTelemetry.last_send_tick)
    blink_count                              0x20000058   Data           1  led.o(.bss.blink_count)
    [Anonymous Symbol]                       0x20000058   Section        0  led.o(.bss.blink_count)
    blink_interval                           0x2000005c   Data           4  led.o(.bss.blink_interval)
    [Anonymous Symbol]                       0x2000005c   Section        0  led.o(.bss.blink_interval)
    global_error.0                           0x20000060   Data           4  cjson.o(.bss.global_error.0)
    [Anonymous Symbol]                       0x20000060   Section        0  cjson.o(.bss.global_error.0)
    global_error.1                           0x20000064   Data           4  cjson.o(.bss.global_error.1)
    [Anonymous Symbol]                       0x20000064   Section        0  cjson.o(.bss.global_error.1)
    s_command                                0x200002a0   Data          24  main.o(.bss.s_command)
    [Anonymous Symbol]                       0x200002a0   Section        0  main.o(.bss.s_command)
    s_control_output                         0x200002b8   Data           2  navigation_controller.o(.bss.s_control_output)
    [Anonymous Symbol]                       0x200002b8   Section        0  navigation_controller.o(.bss.s_control_output)
    s_dir_cruise_base_heading                0x200002bc   Data           4  main.o(.bss.s_dir_cruise_base_heading)
    [Anonymous Symbol]                       0x200002bc   Section        0  main.o(.bss.s_dir_cruise_base_heading)
    s_dir_cruise_target_lat                  0x200002c0   Data           8  main.o(.bss.s_dir_cruise_target_lat)
    [Anonymous Symbol]                       0x200002c0   Section        0  main.o(.bss.s_dir_cruise_target_lat)
    s_dir_cruise_target_lon                  0x200002c8   Data           8  main.o(.bss.s_dir_cruise_target_lon)
    [Anonymous Symbol]                       0x200002c8   Section        0  main.o(.bss.s_dir_cruise_target_lon)
    s_frame_err_count                        0x200002d0   Data           1  gnss_sensor.o(.bss.s_frame_err_count)
    [Anonymous Symbol]                       0x200002d0   Section        0  gnss_sensor.o(.bss.s_frame_err_count)
    s_frame_err_count                        0x200002d1   Data           1  heading_sensor.o(.bss.s_frame_err_count)
    [Anonymous Symbol]                       0x200002d1   Section        0  heading_sensor.o(.bss.s_frame_err_count)
    s_gnss                                   0x200002d4   Data          20  main.o(.bss.s_gnss)
    [Anonymous Symbol]                       0x200002d4   Section        0  main.o(.bss.s_gnss)
    s_has_ever_received                      0x200002e8   Data           1  protocol.o(.bss.s_has_ever_received)
    [Anonymous Symbol]                       0x200002e8   Section        0  protocol.o(.bss.s_has_ever_received)
    s_has_new_data                           0x200002e9   Data           1  protocol.o(.bss.s_has_new_data)
    [Anonymous Symbol]                       0x200002e9   Section        0  protocol.o(.bss.s_has_new_data)
    s_heading                                0x200002ec   Data          24  main.o(.bss.s_heading)
    [Anonymous Symbol]                       0x200002ec   Section        0  main.o(.bss.s_heading)
    s_heading_error_prev                     0x20000308   Data           8  navigation_controller.o(.bss.s_heading_error_prev)
    [Anonymous Symbol]                       0x20000308   Section        0  navigation_controller.o(.bss.s_heading_error_prev)
    s_json_buffer                            0x20000310   Data         512  protocol.o(.bss.s_json_buffer)
    [Anonymous Symbol]                       0x20000310   Section        0  protocol.o(.bss.s_json_buffer)
    s_last_receive_time                      0x20000510   Data           4  protocol.o(.bss.s_last_receive_time)
    [Anonymous Symbol]                       0x20000510   Section        0  protocol.o(.bss.s_last_receive_time)
    s_last_success_tick                      0x20000514   Data           4  gnss_sensor.o(.bss.s_last_success_tick)
    [Anonymous Symbol]                       0x20000514   Section        0  gnss_sensor.o(.bss.s_last_success_tick)
    s_last_success_tick                      0x20000518   Data           4  heading_sensor.o(.bss.s_last_success_tick)
    [Anonymous Symbol]                       0x20000518   Section        0  heading_sensor.o(.bss.s_last_success_tick)
    s_move_speed                             0x2000051c   Data           1  main.o(.bss.s_move_speed)
    [Anonymous Symbol]                       0x2000051c   Section        0  main.o(.bss.s_move_speed)
    s_nav_status                             0x20000538   Data          24  navigation_controller.o(.bss.s_nav_status)
    [Anonymous Symbol]                       0x20000538   Section        0  navigation_controller.o(.bss.s_nav_status)
    s_parsed_command                         0x20000550   Data          24  protocol.o(.bss.s_parsed_command)
    [Anonymous Symbol]                       0x20000550   Section        0  protocol.o(.bss.s_parsed_command)
    s_pos_error_prev                         0x20000568   Data           8  navigation_controller.o(.bss.s_pos_error_prev)
    [Anonymous Symbol]                       0x20000568   Section        0  navigation_controller.o(.bss.s_pos_error_prev)
    s_return_home_active                     0x20000570   Data           1  main.o(.bss.s_return_home_active)
    [Anonymous Symbol]                       0x20000570   Section        0  main.o(.bss.s_return_home_active)
    s_rsoc                                   0x20000571   Data           1  bms_sensor.o(.bss.s_rsoc)
    [Anonymous Symbol]                       0x20000571   Section        0  bms_sensor.o(.bss.s_rsoc)
    s_rx_buffer                              0x20000574   Data         512  protocol.o(.bss.s_rx_buffer)
    [Anonymous Symbol]                       0x20000574   Section        0  protocol.o(.bss.s_rx_buffer)
    s_rx_pending                             0x20000774   Data           1  protocol.o(.bss.s_rx_pending)
    [Anonymous Symbol]                       0x20000774   Section        0  protocol.o(.bss.s_rx_pending)
    s_speed_cmd                              0x20000778   Data           8  navigation_controller.o(.bss.s_speed_cmd)
    [Anonymous Symbol]                       0x20000778   Section        0  navigation_controller.o(.bss.s_speed_cmd)
    s_steer_cmd                              0x20000780   Data           8  navigation_controller.o(.bss.s_steer_cmd)
    [Anonymous Symbol]                       0x20000780   Section        0  navigation_controller.o(.bss.s_steer_cmd)
    s_steer_speed                            0x20000788   Data           1  main.o(.bss.s_steer_speed)
    [Anonymous Symbol]                       0x20000788   Section        0  main.o(.bss.s_steer_speed)
    s_target.0                               0x20000790   Data           8  navigation_controller.o(.bss.s_target.0)
    [Anonymous Symbol]                       0x20000790   Section        0  navigation_controller.o(.bss.s_target.0)
    s_target.1                               0x20000798   Data           8  navigation_controller.o(.bss.s_target.1)
    [Anonymous Symbol]                       0x20000798   Section        0  navigation_controller.o(.bss.s_target.1)
    s_target_turn                            0x200007a0   Data           8  navigation_controller.o(.bss.s_target_turn)
    [Anonymous Symbol]                       0x200007a0   Section        0  navigation_controller.o(.bss.s_target_turn)
    s_telemetry                              0x200007a8   Data          60  main.o(.bss.s_telemetry)
    [Anonymous Symbol]                       0x200007a8   Section        0  main.o(.bss.s_telemetry)
    s_turn_error_prev                        0x200007e8   Data           8  navigation_controller.o(.bss.s_turn_error_prev)
    [Anonymous Symbol]                       0x200007e8   Section        0  navigation_controller.o(.bss.s_turn_error_prev)
    s_tx_buffer                              0x200007f0   Data         512  protocol.o(.bss.s_tx_buffer)
    [Anonymous Symbol]                       0x200007f0   Section        0  protocol.o(.bss.s_tx_buffer)
    sensor_data                              0x200009f0   Data          20  gnss_sensor.o(.bss.sensor_data)
    [Anonymous Symbol]                       0x200009f0   Section        0  gnss_sensor.o(.bss.sensor_data)
    sensor_data                              0x20000a04   Data          24  heading_sensor.o(.bss.sensor_data)
    [Anonymous Symbol]                       0x20000a04   Section        0  heading_sensor.o(.bss.sensor_data)
    HEAP                                     0x20000a20   Section     8192  startup_stm32f405xx.o(HEAP)
    STACK                                    0x20002a20   Section    16384  startup_stm32f405xx.o(STACK)

    Global Symbols

    Symbol Name                              Value     Ov Type        Size  Object(Section)

    BuildAttributes$$THM_ISAv4$E$P$D$K$B$S$7EM$VFPi3$EXTD16$VFPS$VFMA$PE$A:L22UL41UL21$X:L11$S22US41US21$IEEE1$IW$~IW$USESV6$~STKCKD$USESV7$~SHL$OTIME$ROPI$IEEEX$EBA8$MICROLIB$REQ8$PRES8$EABIv2 0x00000000   Number         0  anon$$obj.o ABSOLUTE
    _printf_a                                0x00000000   Number         0  printfstubs.o ABSOLUTE
    _printf_c                                0x00000000   Number         0  printfstubs.o ABSOLUTE
    _printf_charcount                        0x00000000   Number         0  printfstubs.o ABSOLUTE
    _printf_d                                0x00000000   Number         0  printfstubs.o ABSOLUTE
    _printf_e                                0x00000000   Number         0  printfstubs.o ABSOLUTE
    _printf_f                                0x00000000   Number         0  printfstubs.o ABSOLUTE
    _printf_flags                            0x00000000   Number         0  printfstubs.o ABSOLUTE
    _printf_fp_dec                           0x00000000   Number         0  printfstubs.o ABSOLUTE
    _printf_fp_hex                           0x00000000   Number         0  printfstubs.o ABSOLUTE
    _printf_g                                0x00000000   Number         0  printfstubs.o ABSOLUTE
    _printf_i                                0x00000000   Number         0  printfstubs.o ABSOLUTE
    _printf_int_dec                          0x00000000   Number         0  printfstubs.o ABSOLUTE
    _printf_l                                0x00000000   Number         0  printfstubs.o ABSOLUTE
    _printf_lc                               0x00000000   Number         0  printfstubs.o ABSOLUTE
    _printf_ll                               0x00000000   Number         0  printfstubs.o ABSOLUTE
    _printf_lld                              0x00000000   Number         0  printfstubs.o ABSOLUTE
    _printf_lli                              0x00000000   Number         0  printfstubs.o ABSOLUTE
    _printf_llo                              0x00000000   Number         0  printfstubs.o ABSOLUTE
    _printf_llu                              0x00000000   Number         0  printfstubs.o ABSOLUTE
    _printf_llx                              0x00000000   Number         0  printfstubs.o ABSOLUTE
    _printf_longlong_dec                     0x00000000   Number         0  printfstubs.o ABSOLUTE
    _printf_longlong_hex                     0x00000000   Number         0  printfstubs.o ABSOLUTE
    _printf_longlong_oct                     0x00000000   Number         0  printfstubs.o ABSOLUTE
    _printf_ls                               0x00000000   Number         0  printfstubs.o ABSOLUTE
    _printf_mbtowc                           0x00000000   Number         0  printfstubs.o ABSOLUTE
    _printf_n                                0x00000000   Number         0  printfstubs.o ABSOLUTE
    _printf_o                                0x00000000   Number         0  printfstubs.o ABSOLUTE
    _printf_p                                0x00000000   Number         0  printfstubs.o ABSOLUTE
    _printf_percent                          0x00000000   Number         0  printfstubs.o ABSOLUTE
    _printf_pre_padding                      0x00000000   Number         0  printfstubs.o ABSOLUTE
    _printf_return_value                     0x00000000   Number         0  printfstubs.o ABSOLUTE
    _printf_s                                0x00000000   Number         0  printfstubs.o ABSOLUTE
    _printf_sizespec                         0x00000000   Number         0  printfstubs.o ABSOLUTE
    _printf_str                              0x00000000   Number         0  printfstubs.o ABSOLUTE
    _printf_truncate_signed                  0x00000000   Number         0  printfstubs.o ABSOLUTE
    _printf_truncate_unsigned                0x00000000   Number         0  printfstubs.o ABSOLUTE
    _printf_u                                0x00000000   Number         0  printfstubs.o ABSOLUTE
    _printf_wc                               0x00000000   Number         0  printfstubs.o ABSOLUTE
    _printf_wctomb                           0x00000000   Number         0  printfstubs.o ABSOLUTE
    _printf_widthprec                        0x00000000   Number         0  printfstubs.o ABSOLUTE
    _printf_x                                0x00000000   Number         0  printfstubs.o ABSOLUTE
    __cpp_initialize__aeabi_                  - Undefined Weak Reference
    __cxa_finalize                            - Undefined Weak Reference
    __decompress                              - Undefined Weak Reference
    _clock_init                               - Undefined Weak Reference
    _microlib_exit                            - Undefined Weak Reference
    _scanf_int                                - Undefined Weak Reference
    _scanf_longlong                           - Undefined Weak Reference
    _scanf_string                             - Undefined Weak Reference
    __Vectors_Size                           0x00000188   Number         0  startup_stm32f405xx.o ABSOLUTE
    __Vectors                                0x08000000   Data           4  startup_stm32f405xx.o(RESET)
    __Vectors_End                            0x08000188   Data           0  startup_stm32f405xx.o(RESET)
    __main                                   0x08000189   Thumb Code     0  entry.o(.ARM.Collect$$$$00000000)
    _main_stk                                0x08000189   Thumb Code     0  entry2.o(.ARM.Collect$$$$00000001)
    _main_scatterload                        0x0800018d   Thumb Code     0  entry5.o(.ARM.Collect$$$$00000004)
    __main_after_scatterload                 0x08000191   Thumb Code     0  entry5.o(.ARM.Collect$$$$00000004)
    _main_clock                              0x08000191   Thumb Code     0  entry7b.o(.ARM.Collect$$$$00000008)
    _main_cpp_init                           0x08000191   Thumb Code     0  entry8b.o(.ARM.Collect$$$$0000000A)
    _main_init                               0x08000191   Thumb Code     0  entry9a.o(.ARM.Collect$$$$0000000B)
    __rt_final_cpp                           0x08000199   Thumb Code     0  entry10a.o(.ARM.Collect$$$$0000000D)
    __rt_final_exit                          0x08000199   Thumb Code     0  entry11a.o(.ARM.Collect$$$$0000000F)
    Reset_Handler                            0x0800019d   Thumb Code     8  startup_stm32f405xx.o(.text)
    ADC_IRQHandler                           0x080001b7   Thumb Code     0  startup_stm32f405xx.o(.text)
    CAN1_RX0_IRQHandler                      0x080001b7   Thumb Code     0  startup_stm32f405xx.o(.text)
    CAN1_RX1_IRQHandler                      0x080001b7   Thumb Code     0  startup_stm32f405xx.o(.text)
    CAN1_SCE_IRQHandler                      0x080001b7   Thumb Code     0  startup_stm32f405xx.o(.text)
    CAN1_TX_IRQHandler                       0x080001b7   Thumb Code     0  startup_stm32f405xx.o(.text)
    CAN2_RX0_IRQHandler                      0x080001b7   Thumb Code     0  startup_stm32f405xx.o(.text)
    CAN2_RX1_IRQHandler                      0x080001b7   Thumb Code     0  startup_stm32f405xx.o(.text)
    CAN2_SCE_IRQHandler                      0x080001b7   Thumb Code     0  startup_stm32f405xx.o(.text)
    CAN2_TX_IRQHandler                       0x080001b7   Thumb Code     0  startup_stm32f405xx.o(.text)
    DMA1_Stream0_IRQHandler                  0x080001b7   Thumb Code     0  startup_stm32f405xx.o(.text)
    DMA1_Stream1_IRQHandler                  0x080001b7   Thumb Code     0  startup_stm32f405xx.o(.text)
    DMA1_Stream2_IRQHandler                  0x080001b7   Thumb Code     0  startup_stm32f405xx.o(.text)
    DMA1_Stream3_IRQHandler                  0x080001b7   Thumb Code     0  startup_stm32f405xx.o(.text)
    DMA1_Stream4_IRQHandler                  0x080001b7   Thumb Code     0  startup_stm32f405xx.o(.text)
    DMA1_Stream5_IRQHandler                  0x080001b7   Thumb Code     0  startup_stm32f405xx.o(.text)
    DMA1_Stream6_IRQHandler                  0x080001b7   Thumb Code     0  startup_stm32f405xx.o(.text)
    DMA1_Stream7_IRQHandler                  0x080001b7   Thumb Code     0  startup_stm32f405xx.o(.text)
    DMA2_Stream0_IRQHandler                  0x080001b7   Thumb Code     0  startup_stm32f405xx.o(.text)
    DMA2_Stream1_IRQHandler                  0x080001b7   Thumb Code     0  startup_stm32f405xx.o(.text)
    DMA2_Stream2_IRQHandler                  0x080001b7   Thumb Code     0  startup_stm32f405xx.o(.text)
    DMA2_Stream3_IRQHandler                  0x080001b7   Thumb Code     0  startup_stm32f405xx.o(.text)
    DMA2_Stream4_IRQHandler                  0x080001b7   Thumb Code     0  startup_stm32f405xx.o(.text)
    DMA2_Stream5_IRQHandler                  0x080001b7   Thumb Code     0  startup_stm32f405xx.o(.text)
    DMA2_Stream6_IRQHandler                  0x080001b7   Thumb Code     0  startup_stm32f405xx.o(.text)
    DMA2_Stream7_IRQHandler                  0x080001b7   Thumb Code     0  startup_stm32f405xx.o(.text)
    EXTI0_IRQHandler                         0x080001b7   Thumb Code     0  startup_stm32f405xx.o(.text)
    EXTI15_10_IRQHandler                     0x080001b7   Thumb Code     0  startup_stm32f405xx.o(.text)
    EXTI1_IRQHandler                         0x080001b7   Thumb Code     0  startup_stm32f405xx.o(.text)
    EXTI2_IRQHandler                         0x080001b7   Thumb Code     0  startup_stm32f405xx.o(.text)
    EXTI3_IRQHandler                         0x080001b7   Thumb Code     0  startup_stm32f405xx.o(.text)
    EXTI4_IRQHandler                         0x080001b7   Thumb Code     0  startup_stm32f405xx.o(.text)
    EXTI9_5_IRQHandler                       0x080001b7   Thumb Code     0  startup_stm32f405xx.o(.text)
    FLASH_IRQHandler                         0x080001b7   Thumb Code     0  startup_stm32f405xx.o(.text)
    FMC_IRQHandler                           0x080001b7   Thumb Code     0  startup_stm32f405xx.o(.text)
    FPU_IRQHandler                           0x080001b7   Thumb Code     0  startup_stm32f405xx.o(.text)
    HASH_RNG_IRQHandler                      0x080001b7   Thumb Code     0  startup_stm32f405xx.o(.text)
    I2C1_ER_IRQHandler                       0x080001b7   Thumb Code     0  startup_stm32f405xx.o(.text)
    I2C1_EV_IRQHandler                       0x080001b7   Thumb Code     0  startup_stm32f405xx.o(.text)
    I2C2_ER_IRQHandler                       0x080001b7   Thumb Code     0  startup_stm32f405xx.o(.text)
    I2C2_EV_IRQHandler                       0x080001b7   Thumb Code     0  startup_stm32f405xx.o(.text)
    I2C3_ER_IRQHandler                       0x080001b7   Thumb Code     0  startup_stm32f405xx.o(.text)
    I2C3_EV_IRQHandler                       0x080001b7   Thumb Code     0  startup_stm32f405xx.o(.text)
    OTG_FS_IRQHandler                        0x080001b7   Thumb Code     0  startup_stm32f405xx.o(.text)
    OTG_FS_WKUP_IRQHandler                   0x080001b7   Thumb Code     0  startup_stm32f405xx.o(.text)
    OTG_HS_EP1_IN_IRQHandler                 0x080001b7   Thumb Code     0  startup_stm32f405xx.o(.text)
    OTG_HS_EP1_OUT_IRQHandler                0x080001b7   Thumb Code     0  startup_stm32f405xx.o(.text)
    OTG_HS_IRQHandler                        0x080001b7   Thumb Code     0  startup_stm32f405xx.o(.text)
    OTG_HS_WKUP_IRQHandler                   0x080001b7   Thumb Code     0  startup_stm32f405xx.o(.text)
    PVD_IRQHandler                           0x080001b7   Thumb Code     0  startup_stm32f405xx.o(.text)
    RCC_IRQHandler                           0x080001b7   Thumb Code     0  startup_stm32f405xx.o(.text)
    RTC_Alarm_IRQHandler                     0x080001b7   Thumb Code     0  startup_stm32f405xx.o(.text)
    RTC_WKUP_IRQHandler                      0x080001b7   Thumb Code     0  startup_stm32f405xx.o(.text)
    SDIO_IRQHandler                          0x080001b7   Thumb Code     0  startup_stm32f405xx.o(.text)
    SPI1_IRQHandler                          0x080001b7   Thumb Code     0  startup_stm32f405xx.o(.text)
    SPI2_IRQHandler                          0x080001b7   Thumb Code     0  startup_stm32f405xx.o(.text)
    SPI3_IRQHandler                          0x080001b7   Thumb Code     0  startup_stm32f405xx.o(.text)
    TAMP_STAMP_IRQHandler                    0x080001b7   Thumb Code     0  startup_stm32f405xx.o(.text)
    TIM1_BRK_TIM9_IRQHandler                 0x080001b7   Thumb Code     0  startup_stm32f405xx.o(.text)
    TIM1_CC_IRQHandler                       0x080001b7   Thumb Code     0  startup_stm32f405xx.o(.text)
    TIM1_TRG_COM_TIM11_IRQHandler            0x080001b7   Thumb Code     0  startup_stm32f405xx.o(.text)
    TIM1_UP_TIM10_IRQHandler                 0x080001b7   Thumb Code     0  startup_stm32f405xx.o(.text)
    TIM2_IRQHandler                          0x080001b7   Thumb Code     0  startup_stm32f405xx.o(.text)
    TIM3_IRQHandler                          0x080001b7   Thumb Code     0  startup_stm32f405xx.o(.text)
    TIM4_IRQHandler                          0x080001b7   Thumb Code     0  startup_stm32f405xx.o(.text)
    TIM5_IRQHandler                          0x080001b7   Thumb Code     0  startup_stm32f405xx.o(.text)
    TIM6_DAC_IRQHandler                      0x080001b7   Thumb Code     0  startup_stm32f405xx.o(.text)
    TIM7_IRQHandler                          0x080001b7   Thumb Code     0  startup_stm32f405xx.o(.text)
    TIM8_BRK_TIM12_IRQHandler                0x080001b7   Thumb Code     0  startup_stm32f405xx.o(.text)
    TIM8_CC_IRQHandler                       0x080001b7   Thumb Code     0  startup_stm32f405xx.o(.text)
    TIM8_TRG_COM_TIM14_IRQHandler            0x080001b7   Thumb Code     0  startup_stm32f405xx.o(.text)
    TIM8_UP_TIM13_IRQHandler                 0x080001b7   Thumb Code     0  startup_stm32f405xx.o(.text)
    WWDG_IRQHandler                          0x080001b7   Thumb Code     0  startup_stm32f405xx.o(.text)
    __aeabi_uldivmod                         0x080001c1   Thumb Code    98  uldiv.o(.text)
    __aeabi_memcpy                           0x08000223   Thumb Code    36  memcpya.o(.text)
    __aeabi_memcpy4                          0x08000223   Thumb Code     0  memcpya.o(.text)
    __aeabi_memcpy8                          0x08000223   Thumb Code     0  memcpya.o(.text)
    __aeabi_memset                           0x08000247   Thumb Code    14  memseta.o(.text)
    __aeabi_memset4                          0x08000247   Thumb Code     0  memseta.o(.text)
    __aeabi_memset8                          0x08000247   Thumb Code     0  memseta.o(.text)
    __aeabi_memclr                           0x08000255   Thumb Code     4  memseta.o(.text)
    __aeabi_memclr4                          0x08000255   Thumb Code     0  memseta.o(.text)
    __aeabi_memclr8                          0x08000255   Thumb Code     0  memseta.o(.text)
    _memset$wrapper                          0x08000259   Thumb Code    18  memseta.o(.text)
    strlen                                   0x0800026b   Thumb Code    14  strlen.o(.text)
    strcmp                                   0x08000279   Thumb Code    28  strcmp.o(.text)
    strncmp                                  0x08000295   Thumb Code    30  strncmp.o(.text)
    _scanf_real                              0x080003dd   Thumb Code     0  scanf_fp.o(.text)
    _scanf_really_real                       0x080003dd   Thumb Code   556  scanf_fp.o(.text)
    __aeabi_dadd                             0x08000615   Thumb Code   322  dadd.o(.text)
    __aeabi_dsub                             0x08000757   Thumb Code     6  dadd.o(.text)
    __aeabi_drsub                            0x0800075d   Thumb Code     6  dadd.o(.text)
    __aeabi_dmul                             0x08000763   Thumb Code   228  dmul.o(.text)
    __aeabi_ddiv                             0x08000847   Thumb Code   222  ddiv.o(.text)
    __aeabi_dcmple                           0x08000925   Thumb Code    54  dcmple.o(.text)
    __aeabi_dcmplt                           0x0800095b   Thumb Code    54  dcmplt.o(.text)
    __aeabi_dcmpge                           0x08000991   Thumb Code    54  dcmpge.o(.text)
    __aeabi_dcmpgt                           0x080009c7   Thumb Code    54  dcmpgt.o(.text)
    __aeabi_dcmpeq                           0x080009fd   Thumb Code    56  dcmpeq.o(.text)
    __aeabi_i2d                              0x08000a35   Thumb Code    34  dflti.o(.text)
    __aeabi_d2iz                             0x08000a57   Thumb Code    62  dfixi.o(.text)
    __aeabi_f2d                              0x08000a95   Thumb Code    38  f2d.o(.text)
    __aeabi_d2f                              0x08000abb   Thumb Code    56  d2f.o(.text)
    __aeabi_uidiv                            0x08000af3   Thumb Code     0  uidiv.o(.text)
    __aeabi_uidivmod                         0x08000af3   Thumb Code    44  uidiv.o(.text)
    __aeabi_llsl                             0x08000b1f   Thumb Code    30  llshl.o(.text)
    _ll_shift_l                              0x08000b1f   Thumb Code     0  llshl.o(.text)
    __aeabi_llsr                             0x08000b3d   Thumb Code    32  llushr.o(.text)
    _ll_ushift_r                             0x08000b3d   Thumb Code     0  llushr.o(.text)
    __aeabi_lasr                             0x08000b5d   Thumb Code    36  llsshr.o(.text)
    _ll_sshift_r                             0x08000b5d   Thumb Code     0  llsshr.o(.text)
    _sgetc                                   0x08000b81   Thumb Code    30  _sgetc.o(.text)
    _sbackspace                              0x08000b9f   Thumb Code    34  _sgetc.o(.text)
    __strtod_int                             0x08000bff   Thumb Code    94  strtod.o(.text)
    __I$use$fp                               0x08000c69   Thumb Code     0  iusefp.o(.text)
    _float_round                             0x08000c69   Thumb Code    18  fepilogue.o(.text)
    _float_epilogue                          0x08000c7b   Thumb Code    92  fepilogue.o(.text)
    _frem                                    0x08000cd7   Thumb Code    82  frem.o(.text)
    _double_round                            0x08000d29   Thumb Code    30  depilogue.o(.text)
    _double_epilogue                         0x08000d47   Thumb Code   156  depilogue.o(.text)
    _dsqrt                                   0x08000de3   Thumb Code   162  dsqrt.o(.text)
    _drem                                    0x08000e85   Thumb Code   134  drem.o(.text)
    __aeabi_ul2d                             0x08000f0b   Thumb Code    24  dfltul.o(.text)
    __aeabi_d2ulz                            0x08000f23   Thumb Code    48  dfixul.o(.text)
    __aeabi_cdcmpeq                          0x08000f55   Thumb Code     0  cdcmple.o(.text)
    __aeabi_cdcmple                          0x08000f55   Thumb Code    48  cdcmple.o(.text)
    __aeabi_cdrcmple                         0x08000f85   Thumb Code    48  cdrcmple.o(.text)
    __scatterload                            0x08000fb5   Thumb Code    38  init.o(.text)
    __scatterload_rt2                        0x08000fb5   Thumb Code     0  init.o(.text)
    isspace                                  0x08000fe5   Thumb Code    10  isspace_c.o(.text)
    __aeabi_ui2d                             0x08000fef   Thumb Code    26  dfltui.o(.text)
    __ctype_lookup                           0x08001009   Thumb Code    34  ctype_c.o(.text)
    BMSSensor_Init                           0x08001031   Thumb Code    14  bms_sensor.o(.text.BMSSensor_Init)
    BusFault_Handler                         0x08001041   Thumb Code     2  stm32f4xx_it.o(.text.BusFault_Handler)
    DebugMon_Handler                         0x08001045   Thumb Code     2  stm32f4xx_it.o(.text.DebugMon_Handler)
    Error_Handler                            0x08001049   Thumb Code     6  main.o(.text.Error_Handler)
    GNSSSensor_GetData                       0x08001051   Thumb Code    24  gnss_sensor.o(.text.GNSSSensor_GetData)
    GNSSSensor_Init                          0x08001069   Thumb Code    42  gnss_sensor.o(.text.GNSSSensor_Init)
    GNSSSensor_Update                        0x08001095   Thumb Code   544  gnss_sensor.o(.text.GNSSSensor_Update)
    HAL_CAN_Init                             0x080012c5   Thumb Code   244  stm32f4xx_hal_can.o(.text.HAL_CAN_Init)
    HAL_CAN_MspInit                          0x080013b9   Thumb Code   116  can.o(.text.HAL_CAN_MspInit)
    HAL_DMA_Abort                            0x0800142d   Thumb Code   128  stm32f4xx_hal_dma.o(.text.HAL_DMA_Abort)
    HAL_DMA_Abort_IT                         0x080014ad   Thumb Code    36  stm32f4xx_hal_dma.o(.text.HAL_DMA_Abort_IT)
    HAL_GPIO_Init                            0x080014d1   Thumb Code   404  stm32f4xx_hal_gpio.o(.text.HAL_GPIO_Init)
    HAL_GPIO_TogglePin                       0x08001665   Thumb Code    16  stm32f4xx_hal_gpio.o(.text.HAL_GPIO_TogglePin)
    HAL_GPIO_WritePin                        0x08001675   Thumb Code    10  stm32f4xx_hal_gpio.o(.text.HAL_GPIO_WritePin)
    HAL_GetTick                              0x08001681   Thumb Code    12  stm32f4xx_hal.o(.text.HAL_GetTick)
    HAL_I2C_Init                             0x0800168d   Thumb Code   368  stm32f4xx_hal_i2c.o(.text.HAL_I2C_Init)
    HAL_I2C_MspInit                          0x080017fd   Thumb Code   178  i2c.o(.text.HAL_I2C_MspInit)
    HAL_IWDG_Init                            0x080018b1   Thumb Code    96  stm32f4xx_hal_iwdg.o(.text.HAL_IWDG_Init)
    HAL_IWDG_Refresh                         0x08001911   Thumb Code    12  stm32f4xx_hal_iwdg.o(.text.HAL_IWDG_Refresh)
    HAL_IncTick                              0x0800191d   Thumb Code    26  stm32f4xx_hal.o(.text.HAL_IncTick)
    HAL_Init                                 0x08001939   Thumb Code    54  stm32f4xx_hal.o(.text.HAL_Init)
    HAL_InitTick                             0x08001971   Thumb Code    80  stm32f4xx_hal.o(.text.HAL_InitTick)
    HAL_MspInit                              0x080019c1   Thumb Code    56  stm32f4xx_hal_msp.o(.text.HAL_MspInit)
    HAL_NVIC_EnableIRQ                       0x080019f9   Thumb Code    34  stm32f4xx_hal_cortex.o(.text.HAL_NVIC_EnableIRQ)
    HAL_NVIC_SetPriority                     0x08001a1d   Thumb Code    86  stm32f4xx_hal_cortex.o(.text.HAL_NVIC_SetPriority)
    HAL_NVIC_SetPriorityGrouping             0x08001a75   Thumb Code    32  stm32f4xx_hal_cortex.o(.text.HAL_NVIC_SetPriorityGrouping)
    HAL_RCC_ClockConfig                      0x08001a95   Thumb Code   352  stm32f4xx_hal_rcc.o(.text.HAL_RCC_ClockConfig)
    HAL_RCC_GetPCLK1Freq                     0x08001bf5   Thumb Code    38  stm32f4xx_hal_rcc.o(.text.HAL_RCC_GetPCLK1Freq)
    HAL_RCC_GetPCLK2Freq                     0x08001c1d   Thumb Code    38  stm32f4xx_hal_rcc.o(.text.HAL_RCC_GetPCLK2Freq)
    HAL_RCC_GetSysClockFreq                  0x08001c45   Thumb Code   106  stm32f4xx_hal_rcc.o(.text.HAL_RCC_GetSysClockFreq)
    HAL_RCC_OscConfig                        0x08001cb1   Thumb Code   860  stm32f4xx_hal_rcc.o(.text.HAL_RCC_OscConfig)
    HAL_SYSTICK_Config                       0x0800200d   Thumb Code    44  stm32f4xx_hal_cortex.o(.text.HAL_SYSTICK_Config)
    HAL_UARTEx_ReceiveToIdle                 0x08002039   Thumb Code   274  stm32f4xx_hal_uart.o(.text.HAL_UARTEx_ReceiveToIdle)
    HAL_UARTEx_ReceiveToIdle_IT              0x0800214d   Thumb Code   136  stm32f4xx_hal_uart.o(.text.HAL_UARTEx_ReceiveToIdle_IT)
    HAL_UARTEx_RxEventCallback               0x080021d5   Thumb Code    22  stm32f4xx_it.o(.text.HAL_UARTEx_RxEventCallback)
    HAL_UART_ErrorCallback                   0x080021ed   Thumb Code     2  stm32f4xx_hal_uart.o(.text.HAL_UART_ErrorCallback)
    HAL_UART_IRQHandler                      0x080021f1   Thumb Code   790  stm32f4xx_hal_uart.o(.text.HAL_UART_IRQHandler)
    HAL_UART_Init                            0x08002509   Thumb Code    96  stm32f4xx_hal_uart.o(.text.HAL_UART_Init)
    HAL_UART_MspInit                         0x08002569   Thumb Code   636  usart.o(.text.HAL_UART_MspInit)
    HAL_UART_RxCpltCallback                  0x080027e5   Thumb Code     2  stm32f4xx_hal_uart.o(.text.HAL_UART_RxCpltCallback)
    HAL_UART_Transmit                        0x080027e9   Thumb Code   244  stm32f4xx_hal_uart.o(.text.HAL_UART_Transmit)
    HAL_UART_TxCpltCallback                  0x080028dd   Thumb Code     2  stm32f4xx_hal_uart.o(.text.HAL_UART_TxCpltCallback)
    HardFault_Handler                        0x080028e1   Thumb Code     2  stm32f4xx_it.o(.text.HardFault_Handler)
    HeadingSensor_GetData                    0x080028e5   Thumb Code    28  heading_sensor.o(.text.HeadingSensor_GetData)
    HeadingSensor_Init                       0x08002901   Thumb Code    44  heading_sensor.o(.text.HeadingSensor_Init)
    HeadingSensor_Update                     0x0800292d   Thumb Code   488  heading_sensor.o(.text.HeadingSensor_Update)
    LED_Blink                                0x08002b29   Thumb Code    42  led.o(.text.LED_Blink)
    LED_Blink_Callback                       0x08002b55   Thumb Code    74  led.o(.text.LED_Blink_Callback)
    LED_Init                                 0x08002ba1   Thumb Code    18  led.o(.text.LED_Init)
    LED_Toggle                               0x08002bb5   Thumb Code    16  led.o(.text.LED_Toggle)
    MX_CAN1_Init                             0x08002bc5   Thumb Code    64  can.o(.text.MX_CAN1_Init)
    MX_GPIO_Init                             0x08002c05   Thumb Code   212  gpio.o(.text.MX_GPIO_Init)
    MX_I2C3_Init                             0x08002cd9   Thumb Code    66  i2c.o(.text.MX_I2C3_Init)
    MX_IWDG_Init                             0x08002d1d   Thumb Code    46  iwdg.o(.text.MX_IWDG_Init)
    MX_UART4_Init                            0x08002d4d   Thumb Code    60  usart.o(.text.MX_UART4_Init)
    MX_UART5_Init                            0x08002d89   Thumb Code    60  usart.o(.text.MX_UART5_Init)
    MX_USART1_UART_Init                      0x08002dc5   Thumb Code    60  usart.o(.text.MX_USART1_UART_Init)
    MX_USART2_UART_Init                      0x08002e01   Thumb Code    60  usart.o(.text.MX_USART2_UART_Init)
    MX_USART3_UART_Init                      0x08002e3d   Thumb Code    60  usart.o(.text.MX_USART3_UART_Init)
    MX_USART6_UART_Init                      0x08002e79   Thumb Code    60  usart.o(.text.MX_USART6_UART_Init)
    MemManage_Handler                        0x08002eb5   Thumb Code     2  stm32f4xx_it.o(.text.MemManage_Handler)
    NMI_Handler                              0x08002eb9   Thumb Code     2  stm32f4xx_it.o(.text.NMI_Handler)
    NavigationController_CalculateTargetPosition 0x08002ec1   Thumb Code   568  navigation_controller.o(.text.NavigationController_CalculateTargetPosition)
    NavigationController_GetControl          0x08003111   Thumb Code    12  navigation_controller.o(.text.NavigationController_GetControl)
    NavigationController_GetStatus           0x0800311d   Thumb Code    28  navigation_controller.o(.text.NavigationController_GetStatus)
    NavigationController_GetTarget           0x08003139   Thumb Code    26  navigation_controller.o(.text.NavigationController_GetTarget)
    NavigationController_Init                0x08003155   Thumb Code   140  navigation_controller.o(.text.NavigationController_Init)
    NavigationController_SetMaxSpeed         0x080031e1   Thumb Code    22  navigation_controller.o(.text.NavigationController_SetMaxSpeed)
    NavigationController_SetTarget           0x080031f9   Thumb Code   272  navigation_controller.o(.text.NavigationController_SetTarget)
    NavigationController_Update              0x08003361   Thumb Code  1912  navigation_controller.o(.text.NavigationController_Update)
    PendSV_Handler                           0x08003b8d   Thumb Code     2  stm32f4xx_it.o(.text.PendSV_Handler)
    Protocol_GetLatestCommand                0x08003b91   Thumb Code  1168  protocol.o(.text.Protocol_GetLatestCommand)
    Protocol_Init                            0x080040d9   Thumb Code   126  protocol.o(.text.Protocol_Init)
    Protocol_IsTimeout                       0x08004159   Thumb Code    46  protocol.o(.text.Protocol_IsTimeout)
    Protocol_SendTelemetry                   0x08004255   Thumb Code   436  protocol.o(.text.Protocol_SendTelemetry)
    Protocol_UART_RxEventCallback            0x08004469   Thumb Code    92  protocol.o(.text.Protocol_UART_RxEventCallback)
    SVC_Handler                              0x080044c5   Thumb Code     2  stm32f4xx_it.o(.text.SVC_Handler)
    SysTick_Handler                          0x080044c9   Thumb Code    14  stm32f4xx_it.o(.text.SysTick_Handler)
    SystemClock_Config                       0x080044d9   Thumb Code   170  main.o(.text.SystemClock_Config)
    SystemInit                               0x08004585   Thumb Code    18  system_stm32f4xx.o(.text.SystemInit)
    UART4_IRQHandler                         0x08004599   Thumb Code    12  stm32f4xx_it.o(.text.UART4_IRQHandler)
    UART5_IRQHandler                         0x080045a5   Thumb Code    12  stm32f4xx_it.o(.text.UART5_IRQHandler)
    USART1_IRQHandler                        0x0800475d   Thumb Code    12  stm32f4xx_it.o(.text.USART1_IRQHandler)
    USART2_IRQHandler                        0x08004769   Thumb Code    12  stm32f4xx_it.o(.text.USART2_IRQHandler)
    USART3_IRQHandler                        0x08004775   Thumb Code    12  stm32f4xx_it.o(.text.USART3_IRQHandler)
    USART6_IRQHandler                        0x08004781   Thumb Code    12  stm32f4xx_it.o(.text.USART6_IRQHandler)
    UsageFault_Handler                       0x0800478d   Thumb Code     2  stm32f4xx_it.o(.text.UsageFault_Handler)
    cJSON_Delete                             0x080047c5   Thumb Code    96  cjson.o(.text.cJSON_Delete)
    cJSON_GetErrorPtr                        0x08004825   Thumb Code    24  cjson.o(.text.cJSON_GetErrorPtr)
    cJSON_GetNumberValue                     0x08004841   Thumb Code    24  cjson.o(.text.cJSON_GetNumberValue)
    cJSON_GetObjectItemCaseSensitive         0x08004861   Thumb Code    60  cjson.o(.text.cJSON_GetObjectItemCaseSensitive)
    cJSON_IsNumber                           0x0800489d   Thumb Code    20  cjson.o(.text.cJSON_IsNumber)
    cJSON_IsString                           0x080048b1   Thumb Code    20  cjson.o(.text.cJSON_IsString)
    cJSON_Parse                              0x080048c5   Thumb Code    32  cjson.o(.text.cJSON_Parse)
    cJSON_ParseWithLengthOpts                0x080048e5   Thumb Code   344  cjson.o(.text.cJSON_ParseWithLengthOpts)
    fputc                                    0x08004a41   Thumb Code     2  usart.o(.text.fputc)
    main                                     0x08004a49   Thumb Code  1856  main.o(.text.main)
    __0printf                                0x08005a21   Thumb Code    22  printfa.o(i.__0printf)
    __1printf                                0x08005a21   Thumb Code     0  printfa.o(i.__0printf)
    __2printf                                0x08005a21   Thumb Code     0  printfa.o(i.__0printf)
    __c89printf                              0x08005a21   Thumb Code     0  printfa.o(i.__0printf)
    printf                                   0x08005a21   Thumb Code     0  printfa.o(i.__0printf)
    __0snprintf                              0x08005a41   Thumb Code    48  printfa.o(i.__0snprintf)
    __1snprintf                              0x08005a41   Thumb Code     0  printfa.o(i.__0snprintf)
    __2snprintf                              0x08005a41   Thumb Code     0  printfa.o(i.__0snprintf)
    __c89snprintf                            0x08005a41   Thumb Code     0  printfa.o(i.__0snprintf)
    snprintf                                 0x08005a41   Thumb Code     0  printfa.o(i.__0snprintf)
    __ARM_fpclassify                         0x08005a75   Thumb Code    48  fpclassify.o(i.__ARM_fpclassify)
    free                                     0x08005aa5   Thumb Code    88  mallocr.o(i.__free$realloc)
    __hardfp_asin                            0x08005b01   Thumb Code   770  asin.o(i.__hardfp_asin)
    __hardfp_atan                            0x08005e61   Thumb Code   622  atan.o(i.__hardfp_atan)
    __hardfp_atan2                           0x08006139   Thumb Code   448  atan2.o(i.__hardfp_atan2)
    __hardfp_cos                             0x08006339   Thumb Code   180  cos.o(i.__hardfp_cos)
    __hardfp_fmod                            0x08006401   Thumb Code   254  fmod.o(i.__hardfp_fmod)
    __hardfp_fmodf                           0x08006505   Thumb Code   176  fmodf.o(i.__hardfp_fmodf)
    __hardfp_sin                             0x080065b9   Thumb Code   180  sin.o(i.__hardfp_sin)
    __hardfp_sqrt                            0x08006681   Thumb Code   122  sqrt.o(i.__hardfp_sqrt)
    __hardfp_strtod                          0x08006701   Thumb Code    32  strtod.o(i.__hardfp_strtod)
    __ieee754_rem_pio2                       0x08006729   Thumb Code   938  rred.o(i.__ieee754_rem_pio2)
    __kernel_cos                             0x08006b61   Thumb Code   322  cos_i.o(i.__kernel_cos)
    __kernel_poly                            0x08006cd1   Thumb Code   248  poly.o(i.__kernel_poly)
    __kernel_sin                             0x08006dc9   Thumb Code   280  sin_i.o(i.__kernel_sin)
    malloc                                   0x08006ef9   Thumb Code    64  mallocr.o(i.__malloc$realloc)
    __mathlib_dbl_infnan                     0x08006f49   Thumb Code    20  dunder.o(i.__mathlib_dbl_infnan)
    __mathlib_dbl_infnan2                    0x08006f5d   Thumb Code    20  dunder.o(i.__mathlib_dbl_infnan2)
    __mathlib_dbl_invalid                    0x08006f71   Thumb Code    24  dunder.o(i.__mathlib_dbl_invalid)
    __mathlib_dbl_underflow                  0x08006f91   Thumb Code    24  dunder.o(i.__mathlib_dbl_underflow)
    __mathlib_flt_invalid                    0x08006fb1   Thumb Code    10  funder.o(i.__mathlib_flt_invalid)
    __scatterload_copy                       0x08006fc1   Thumb Code    14  handlers.o(i.__scatterload_copy)
    __scatterload_null                       0x08006fcf   Thumb Code     2  handlers.o(i.__scatterload_null)
    __scatterload_zeroinit                   0x08006fd1   Thumb Code    14  handlers.o(i.__scatterload_zeroinit)
    __set_errno                              0x08006fe1   Thumb Code     6  errno.o(i.__set_errno)
    _is_digit                                0x08007171   Thumb Code    14  scanf_fp.o(i._is_digit)
    atan                                     0x080078c5   Thumb Code    16  atan.o(i.atan)
    fabs                                     0x080078d5   Thumb Code    24  fabs.o(i.fabs)
    puts                                     0x0800793d   Thumb Code    30  puts.o(i.puts)
    realloc                                  0x08007961   Thumb Code   102  mallocr.o(i.realloc)
    sqrt                                     0x080079cd   Thumb Code   110  sqrt.o(i.sqrt)
    __mathlib_zero                           0x08007b58   Data           8  qnan.o(.constdata)
    __ctype_categories                       0x08007c58   Data          64  ctype_c.o(.constdata)
    AHBPrescTable                            0x08007c98   Data          16  system_stm32f4xx.o(.rodata.AHBPrescTable)
    APBPrescTable                            0x08007ca8   Data           8  system_stm32f4xx.o(.rodata.APBPrescTable)
    Region$$Table$$Base                      0x0800819c   Number         0  anon$$obj.o(Region$$Table)
    Region$$Table$$Limit                     0x080081bc   Number         0  anon$$obj.o(Region$$Table)
    __stdout                                 0x20000000   Data           4  stdout.o(.data)
    __microlib_freelist                      0x20000004   Data           4  mvars.o(.data)
    __microlib_freelist_initialised          0x20000008   Data           4  mvars.o(.data)
    SystemCoreClock                          0x20000010   Data           4  system_stm32f4xx.o(.data.SystemCoreClock)
    uwTickFreq                               0x20000025   Data           1  stm32f4xx_hal.o(.data.uwTickFreq)
    uwTickPrio                               0x20000028   Data           4  stm32f4xx_hal.o(.data.uwTickPrio)
    hcan1                                    0x20000068   Data          40  can.o(.bss.hcan1)
    hi2c3                                    0x20000090   Data          84  i2c.o(.bss.hi2c3)
    hiwdg                                    0x200000e4   Data          12  iwdg.o(.bss.hiwdg)
    huart1                                   0x200000f0   Data          72  usart.o(.bss.huart1)
    huart2                                   0x20000138   Data          72  usart.o(.bss.huart2)
    huart3                                   0x20000180   Data          72  usart.o(.bss.huart3)
    huart4                                   0x200001c8   Data          72  usart.o(.bss.huart4)
    huart5                                   0x20000210   Data          72  usart.o(.bss.huart5)
    huart6                                   0x20000258   Data          72  usart.o(.bss.huart6)
    s_nav_status                             0x20000520   Data          24  main.o(.bss.s_nav_status)
    uwTick                                   0x20000a1c   Data           4  stm32f4xx_hal.o(.bss.uwTick)
    __heap_base                              0x20000a20   Data           0  startup_stm32f405xx.o(HEAP)
    __heap_limit                             0x20002a20   Data           0  startup_stm32f405xx.o(HEAP)
    __initial_sp                             0x20006a20   Data           0  startup_stm32f405xx.o(STACK)



==============================================================================

Memory Map of the image

  Image Entry point : 0x08000189

  Load Region LR_IROM1 (Base: 0x08000000, Size: 0x000081f0, Max: 0x00100000, ABSOLUTE)

    Execution Region ER_IROM1 (Exec base: 0x08000000, Load base: 0x08000000, Size: 0x000081bc, Max: 0x00100000, ABSOLUTE)

    Exec Addr    Load Addr    Size         Type   Attr      Idx    E Section Name        Object

    0x08000000   0x08000000   0x00000188   Data   RO            3    RESET               startup_stm32f405xx.o
    0x08000188   0x08000188   0x00000000   Code   RO         1316  * .ARM.Collect$$$$00000000  mc_w.l(entry.o)
    0x08000188   0x08000188   0x00000004   Code   RO         1717    .ARM.Collect$$$$00000001  mc_w.l(entry2.o)
    0x0800018c   0x0800018c   0x00000004   Code   RO         1720    .ARM.Collect$$$$00000004  mc_w.l(entry5.o)
    0x08000190   0x08000190   0x00000000   Code   RO         1722    .ARM.Collect$$$$00000008  mc_w.l(entry7b.o)
    0x08000190   0x08000190   0x00000000   Code   RO         1724    .ARM.Collect$$$$0000000A  mc_w.l(entry8b.o)
    0x08000190   0x08000190   0x00000008   Code   RO         1725    .ARM.Collect$$$$0000000B  mc_w.l(entry9a.o)
    0x08000198   0x08000198   0x00000000   Code   RO         1727    .ARM.Collect$$$$0000000D  mc_w.l(entry10a.o)
    0x08000198   0x08000198   0x00000000   Code   RO         1729    .ARM.Collect$$$$0000000F  mc_w.l(entry11a.o)
    0x08000198   0x08000198   0x00000004   Code   RO         1718    .ARM.Collect$$$$00002712  mc_w.l(entry2.o)
    0x0800019c   0x0800019c   0x00000024   Code   RO            4    .text               startup_stm32f405xx.o
    0x080001c0   0x080001c0   0x00000062   Code   RO         1323    .text               mc_w.l(uldiv.o)
    0x08000222   0x08000222   0x00000024   Code   RO         1327    .text               mc_w.l(memcpya.o)
    0x08000246   0x08000246   0x00000024   Code   RO         1329    .text               mc_w.l(memseta.o)
    0x0800026a   0x0800026a   0x0000000e   Code   RO         1331    .text               mc_w.l(strlen.o)
    0x08000278   0x08000278   0x0000001c   Code   RO         1333    .text               mc_w.l(strcmp.o)
    0x08000294   0x08000294   0x0000001e   Code   RO         1337    .text               mc_w.l(strncmp.o)
    0x080002b2   0x080002b2   0x00000002   PAD
    0x080002b4   0x080002b4   0x00000360   Code   RO         1632    .text               mc_w.l(scanf_fp.o)
    0x08000614   0x08000614   0x0000014e   Code   RO         1636    .text               mf_w.l(dadd.o)
    0x08000762   0x08000762   0x000000e4   Code   RO         1638    .text               mf_w.l(dmul.o)
    0x08000846   0x08000846   0x000000de   Code   RO         1640    .text               mf_w.l(ddiv.o)
    0x08000924   0x08000924   0x00000036   Code   RO         1642    .text               mf_w.l(dcmple.o)
    0x0800095a   0x0800095a   0x00000036   Code   RO         1644    .text               mf_w.l(dcmplt.o)
    0x08000990   0x08000990   0x00000036   Code   RO         1646    .text               mf_w.l(dcmpge.o)
    0x080009c6   0x080009c6   0x00000036   Code   RO         1648    .text               mf_w.l(dcmpgt.o)
    0x080009fc   0x080009fc   0x00000038   Code   RO         1650    .text               mf_w.l(dcmpeq.o)
    0x08000a34   0x08000a34   0x00000022   Code   RO         1652    .text               mf_w.l(dflti.o)
    0x08000a56   0x08000a56   0x0000003e   Code   RO         1654    .text               mf_w.l(dfixi.o)
    0x08000a94   0x08000a94   0x00000026   Code   RO         1656    .text               mf_w.l(f2d.o)
    0x08000aba   0x08000aba   0x00000038   Code   RO         1658    .text               mf_w.l(d2f.o)
    0x08000af2   0x08000af2   0x0000002c   Code   RO         1741    .text               mc_w.l(uidiv.o)
    0x08000b1e   0x08000b1e   0x0000001e   Code   RO         1743    .text               mc_w.l(llshl.o)
    0x08000b3c   0x08000b3c   0x00000020   Code   RO         1745    .text               mc_w.l(llushr.o)
    0x08000b5c   0x08000b5c   0x00000024   Code   RO         1747    .text               mc_w.l(llsshr.o)
    0x08000b80   0x08000b80   0x00000040   Code   RO         1760    .text               mc_w.l(_sgetc.o)
    0x08000bc0   0x08000bc0   0x000000a8   Code   RO         1762    .text               mc_w.l(strtod.o)
    0x08000c68   0x08000c68   0x00000000   Code   RO         1764    .text               mc_w.l(iusefp.o)
    0x08000c68   0x08000c68   0x0000006e   Code   RO         1765    .text               mf_w.l(fepilogue.o)
    0x08000cd6   0x08000cd6   0x00000052   Code   RO         1767    .text               mf_w.l(frem.o)
    0x08000d28   0x08000d28   0x000000ba   Code   RO         1769    .text               mf_w.l(depilogue.o)
    0x08000de2   0x08000de2   0x000000a2   Code   RO         1773    .text               mf_w.l(dsqrt.o)
    0x08000e84   0x08000e84   0x00000086   Code   RO         1775    .text               mf_w.l(drem.o)
    0x08000f0a   0x08000f0a   0x00000018   Code   RO         1777    .text               mf_w.l(dfltul.o)
    0x08000f22   0x08000f22   0x00000030   Code   RO         1779    .text               mf_w.l(dfixul.o)
    0x08000f52   0x08000f52   0x00000002   PAD
    0x08000f54   0x08000f54   0x00000030   Code   RO         1781    .text               mf_w.l(cdcmple.o)
    0x08000f84   0x08000f84   0x00000030   Code   RO         1783    .text               mf_w.l(cdrcmple.o)
    0x08000fb4   0x08000fb4   0x00000030   Code   RO         1785    .text               mc_w.l(init.o)
    0x08000fe4   0x08000fe4   0x0000000a   Code   RO         1787    .text               mc_w.l(isspace_c.o)
    0x08000fee   0x08000fee   0x0000001a   Code   RO         1791    .text               mf_w.l(dfltui.o)
    0x08001008   0x08001008   0x00000028   Code   RO         1793    .text               mc_w.l(ctype_c.o)
    0x08001030   0x08001030   0x0000000e   Code   RO         1251    .text.BMSSensor_Init  bms_sensor.o
    0x0800103e   0x0800103e   0x00000002   PAD
    0x08001040   0x08001040   0x00000002   Code   RO          330    .text.BusFault_Handler  stm32f4xx_it.o
    0x08001042   0x08001042   0x00000002   PAD
    0x08001044   0x08001044   0x00000002   Code   RO          336    .text.DebugMon_Handler  stm32f4xx_it.o
    0x08001046   0x08001046   0x00000002   PAD
    0x08001048   0x08001048   0x00000006   Code   RO          210    .text.Error_Handler  main.o
    0x0800104e   0x0800104e   0x00000002   PAD
    0x08001050   0x08001050   0x00000018   Code   RO         1180    .text.GNSSSensor_GetData  gnss_sensor.o
    0x08001068   0x08001068   0x0000002a   Code   RO         1176    .text.GNSSSensor_Init  gnss_sensor.o
    0x08001092   0x08001092   0x00000002   PAD
    0x08001094   0x08001094   0x00000230   Code   RO         1178    .text.GNSSSensor_Update  gnss_sensor.o
    0x080012c4   0x080012c4   0x000000f4   Code   RO          372    .text.HAL_CAN_Init  stm32f4xx_hal_can.o
    0x080013b8   0x080013b8   0x00000074   Code   RO          255    .text.HAL_CAN_MspInit  can.o
    0x0800142c   0x0800142c   0x00000080   Code   RO          608    .text.HAL_DMA_Abort  stm32f4xx_hal_dma.o
    0x080014ac   0x080014ac   0x00000024   Code   RO          610    .text.HAL_DMA_Abort_IT  stm32f4xx_hal_dma.o
    0x080014d0   0x080014d0   0x00000194   Code   RO          562    .text.HAL_GPIO_Init  stm32f4xx_hal_gpio.o
    0x08001664   0x08001664   0x00000010   Code   RO          570    .text.HAL_GPIO_TogglePin  stm32f4xx_hal_gpio.o
    0x08001674   0x08001674   0x0000000a   Code   RO          568    .text.HAL_GPIO_WritePin  stm32f4xx_hal_gpio.o
    0x0800167e   0x0800167e   0x00000002   PAD
    0x08001680   0x08001680   0x0000000c   Code   RO          759    .text.HAL_GetTick   stm32f4xx_hal.o
    0x0800168c   0x0800168c   0x00000170   Code   RO          838    .text.HAL_I2C_Init  stm32f4xx_hal_i2c.o
    0x080017fc   0x080017fc   0x000000b2   Code   RO          270    .text.HAL_I2C_MspInit  i2c.o
    0x080018ae   0x080018ae   0x00000002   PAD
    0x080018b0   0x080018b0   0x00000060   Code   RO          973    .text.HAL_IWDG_Init  stm32f4xx_hal_iwdg.o
    0x08001910   0x08001910   0x0000000c   Code   RO          975    .text.HAL_IWDG_Refresh  stm32f4xx_hal_iwdg.o
    0x0800191c   0x0800191c   0x0000001a   Code   RO          757    .text.HAL_IncTick   stm32f4xx_hal.o
    0x08001936   0x08001936   0x00000002   PAD
    0x08001938   0x08001938   0x00000036   Code   RO          747    .text.HAL_Init      stm32f4xx_hal.o
    0x0800196e   0x0800196e   0x00000002   PAD
    0x08001970   0x08001970   0x00000050   Code   RO          749    .text.HAL_InitTick  stm32f4xx_hal.o
    0x080019c0   0x080019c0   0x00000038   Code   RO          364    .text.HAL_MspInit   stm32f4xx_hal_msp.o
    0x080019f8   0x080019f8   0x00000022   Code   RO          699    .text.HAL_NVIC_EnableIRQ  stm32f4xx_hal_cortex.o
    0x08001a1a   0x08001a1a   0x00000002   PAD
    0x08001a1c   0x08001a1c   0x00000056   Code   RO          697    .text.HAL_NVIC_SetPriority  stm32f4xx_hal_cortex.o
    0x08001a72   0x08001a72   0x00000002   PAD
    0x08001a74   0x08001a74   0x00000020   Code   RO          695    .text.HAL_NVIC_SetPriorityGrouping  stm32f4xx_hal_cortex.o
    0x08001a94   0x08001a94   0x00000160   Code   RO          456    .text.HAL_RCC_ClockConfig  stm32f4xx_hal_rcc.o
    0x08001bf4   0x08001bf4   0x00000026   Code   RO          468    .text.HAL_RCC_GetPCLK1Freq  stm32f4xx_hal_rcc.o
    0x08001c1a   0x08001c1a   0x00000002   PAD
    0x08001c1c   0x08001c1c   0x00000026   Code   RO          470    .text.HAL_RCC_GetPCLK2Freq  stm32f4xx_hal_rcc.o
    0x08001c42   0x08001c42   0x00000002   PAD
    0x08001c44   0x08001c44   0x0000006a   Code   RO          458    .text.HAL_RCC_GetSysClockFreq  stm32f4xx_hal_rcc.o
    0x08001cae   0x08001cae   0x00000002   PAD
    0x08001cb0   0x08001cb0   0x0000035c   Code   RO          454    .text.HAL_RCC_OscConfig  stm32f4xx_hal_rcc.o
    0x0800200c   0x0800200c   0x0000002c   Code   RO          707    .text.HAL_SYSTICK_Config  stm32f4xx_hal_cortex.o
    0x08002038   0x08002038   0x00000112   Code   RO         1029    .text.HAL_UARTEx_ReceiveToIdle  stm32f4xx_hal_uart.o
    0x0800214a   0x0800214a   0x00000002   PAD
    0x0800214c   0x0800214c   0x00000088   Code   RO         1031    .text.HAL_UARTEx_ReceiveToIdle_IT  stm32f4xx_hal_uart.o
    0x080021d4   0x080021d4   0x00000016   Code   RO          354    .text.HAL_UARTEx_RxEventCallback  stm32f4xx_it.o
    0x080021ea   0x080021ea   0x00000002   PAD
    0x080021ec   0x080021ec   0x00000002   Code   RO         1069    .text.HAL_UART_ErrorCallback  stm32f4xx_hal_uart.o
    0x080021ee   0x080021ee   0x00000002   PAD
    0x080021f0   0x080021f0   0x00000316   Code   RO         1063    .text.HAL_UART_IRQHandler  stm32f4xx_hal_uart.o
    0x08002506   0x08002506   0x00000002   PAD
    0x08002508   0x08002508   0x00000060   Code   RO          985    .text.HAL_UART_Init  stm32f4xx_hal_uart.o
    0x08002568   0x08002568   0x0000027c   Code   RO          304    .text.HAL_UART_MspInit  usart.o
    0x080027e4   0x080027e4   0x00000002   Code   RO         1077    .text.HAL_UART_RxCpltCallback  stm32f4xx_hal_uart.o
    0x080027e6   0x080027e6   0x00000002   PAD
    0x080027e8   0x080027e8   0x000000f4   Code   RO         1001    .text.HAL_UART_Transmit  stm32f4xx_hal_uart.o
    0x080028dc   0x080028dc   0x00000002   Code   RO         1073    .text.HAL_UART_TxCpltCallback  stm32f4xx_hal_uart.o
    0x080028de   0x080028de   0x00000002   PAD
    0x080028e0   0x080028e0   0x00000002   Code   RO          326    .text.HardFault_Handler  stm32f4xx_it.o
    0x080028e2   0x080028e2   0x00000002   PAD
    0x080028e4   0x080028e4   0x0000001c   Code   RO         1200    .text.HeadingSensor_GetData  heading_sensor.o
    0x08002900   0x08002900   0x0000002c   Code   RO         1196    .text.HeadingSensor_Init  heading_sensor.o
    0x0800292c   0x0800292c   0x000001fc   Code   RO         1198    .text.HeadingSensor_Update  heading_sensor.o
    0x08002b28   0x08002b28   0x0000002a   Code   RO         1130    .text.LED_Blink     led.o
    0x08002b52   0x08002b52   0x00000002   PAD
    0x08002b54   0x08002b54   0x0000004a   Code   RO         1132    .text.LED_Blink_Callback  led.o
    0x08002b9e   0x08002b9e   0x00000002   PAD
    0x08002ba0   0x08002ba0   0x00000012   Code   RO         1122    .text.LED_Init      led.o
    0x08002bb2   0x08002bb2   0x00000002   PAD
    0x08002bb4   0x08002bb4   0x00000010   Code   RO         1128    .text.LED_Toggle    led.o
    0x08002bc4   0x08002bc4   0x00000040   Code   RO          253    .text.MX_CAN1_Init  can.o
    0x08002c04   0x08002c04   0x000000d4   Code   RO          244    .text.MX_GPIO_Init  gpio.o
    0x08002cd8   0x08002cd8   0x00000042   Code   RO          268    .text.MX_I2C3_Init  i2c.o
    0x08002d1a   0x08002d1a   0x00000002   PAD
    0x08002d1c   0x08002d1c   0x0000002e   Code   RO          283    .text.MX_IWDG_Init  iwdg.o
    0x08002d4a   0x08002d4a   0x00000002   PAD
    0x08002d4c   0x08002d4c   0x0000003c   Code   RO          292    .text.MX_UART4_Init  usart.o
    0x08002d88   0x08002d88   0x0000003c   Code   RO          294    .text.MX_UART5_Init  usart.o
    0x08002dc4   0x08002dc4   0x0000003c   Code   RO          296    .text.MX_USART1_UART_Init  usart.o
    0x08002e00   0x08002e00   0x0000003c   Code   RO          298    .text.MX_USART2_UART_Init  usart.o
    0x08002e3c   0x08002e3c   0x0000003c   Code   RO          300    .text.MX_USART3_UART_Init  usart.o
    0x08002e78   0x08002e78   0x0000003c   Code   RO          302    .text.MX_USART6_UART_Init  usart.o
    0x08002eb4   0x08002eb4   0x00000002   Code   RO          328    .text.MemManage_Handler  stm32f4xx_it.o
    0x08002eb6   0x08002eb6   0x00000002   PAD
    0x08002eb8   0x08002eb8   0x00000002   Code   RO          324    .text.NMI_Handler   stm32f4xx_it.o
    0x08002eba   0x08002eba   0x00000006   PAD
    0x08002ec0   0x08002ec0   0x00000250   Code   RO         1230    .text.NavigationController_CalculateTargetPosition  navigation_controller.o
    0x08003110   0x08003110   0x0000000c   Code   RO         1224    .text.NavigationController_GetControl  navigation_controller.o
    0x0800311c   0x0800311c   0x0000001c   Code   RO         1226    .text.NavigationController_GetStatus  navigation_controller.o
    0x08003138   0x08003138   0x0000001a   Code   RO         1228    .text.NavigationController_GetTarget  navigation_controller.o
    0x08003152   0x08003152   0x00000002   PAD
    0x08003154   0x08003154   0x0000008c   Code   RO         1216    .text.NavigationController_Init  navigation_controller.o
    0x080031e0   0x080031e0   0x00000016   Code   RO         1218    .text.NavigationController_SetMaxSpeed  navigation_controller.o
    0x080031f6   0x080031f6   0x00000002   PAD
    0x080031f8   0x080031f8   0x00000164   Code   RO         1220    .text.NavigationController_SetTarget  navigation_controller.o
    0x0800335c   0x0800335c   0x00000004   PAD
    0x08003360   0x08003360   0x0000082c   Code   RO         1222    .text.NavigationController_Update  navigation_controller.o
    0x08003b8c   0x08003b8c   0x00000002   Code   RO          338    .text.PendSV_Handler  stm32f4xx_it.o
    0x08003b8e   0x08003b8e   0x00000002   PAD
    0x08003b90   0x08003b90   0x00000548   Code   RO         1151    .text.Protocol_GetLatestCommand  protocol.o
    0x080040d8   0x080040d8   0x0000007e   Code   RO         1145    .text.Protocol_Init  protocol.o
    0x08004156   0x08004156   0x00000002   PAD
    0x08004158   0x08004158   0x0000002e   Code   RO         1153    .text.Protocol_IsTimeout  protocol.o
    0x08004186   0x08004186   0x00000002   PAD
    0x08004188   0x08004188   0x0000008c   Code   RO         1157    .text.Protocol_ParseFloatField  protocol.o
    0x08004214   0x08004214   0x00000040   Code   RO         1155    .text.Protocol_ParseInt8Field  protocol.o
    0x08004254   0x08004254   0x00000214   Code   RO         1149    .text.Protocol_SendTelemetry  protocol.o
    0x08004468   0x08004468   0x0000005c   Code   RO         1147    .text.Protocol_UART_RxEventCallback  protocol.o
    0x080044c4   0x080044c4   0x00000002   Code   RO          334    .text.SVC_Handler   stm32f4xx_it.o
    0x080044c6   0x080044c6   0x00000002   PAD
    0x080044c8   0x080044c8   0x0000000e   Code   RO          340    .text.SysTick_Handler  stm32f4xx_it.o
    0x080044d6   0x080044d6   0x00000002   PAD
    0x080044d8   0x080044d8   0x000000aa   Code   RO          208    .text.SystemClock_Config  main.o
    0x08004582   0x08004582   0x00000002   PAD
    0x08004584   0x08004584   0x00000012   Code   RO         1107    .text.SystemInit    system_stm32f4xx.o
    0x08004596   0x08004596   0x00000002   PAD
    0x08004598   0x08004598   0x0000000c   Code   RO          348    .text.UART4_IRQHandler  stm32f4xx_it.o
    0x080045a4   0x080045a4   0x0000000c   Code   RO          350    .text.UART5_IRQHandler  stm32f4xx_it.o
    0x080045b0   0x080045b0   0x0000000a   Code   RO         1067    .text.UART_DMAAbortOnError  stm32f4xx_hal_uart.o
    0x080045ba   0x080045ba   0x00000002   PAD
    0x080045bc   0x080045bc   0x000000c0   Code   RO         1065    .text.UART_Receive_IT  stm32f4xx_hal_uart.o
    0x0800467c   0x0800467c   0x000000de   Code   RO          989    .text.UART_SetConfig  stm32f4xx_hal_uart.o
    0x0800475a   0x0800475a   0x00000002   PAD
    0x0800475c   0x0800475c   0x0000000c   Code   RO          342    .text.USART1_IRQHandler  stm32f4xx_it.o
    0x08004768   0x08004768   0x0000000c   Code   RO          344    .text.USART2_IRQHandler  stm32f4xx_it.o
    0x08004774   0x08004774   0x0000000c   Code   RO          346    .text.USART3_IRQHandler  stm32f4xx_it.o
    0x08004780   0x08004780   0x0000000c   Code   RO          352    .text.USART6_IRQHandler  stm32f4xx_it.o
    0x0800478c   0x0800478c   0x00000002   Code   RO          332    .text.UsageFault_Handler  stm32f4xx_it.o
    0x0800478e   0x0800478e   0x00000002   PAD
    0x08004790   0x08004790   0x00000032   Code   RO           39    .text.buffer_skip_whitespace  cjson.o
    0x080047c2   0x080047c2   0x00000002   PAD
    0x080047c4   0x080047c4   0x00000060   Code   RO           25    .text.cJSON_Delete  cjson.o
    0x08004824   0x08004824   0x00000018   Code   RO           11    .text.cJSON_GetErrorPtr  cjson.o
    0x0800483c   0x0800483c   0x00000004   PAD
    0x08004840   0x08004840   0x00000020   Code   RO           17    .text.cJSON_GetNumberValue  cjson.o
    0x08004860   0x08004860   0x0000003c   Code   RO           65    .text.cJSON_GetObjectItemCaseSensitive  cjson.o
    0x0800489c   0x0800489c   0x00000014   Code   RO           19    .text.cJSON_IsNumber  cjson.o
    0x080048b0   0x080048b0   0x00000014   Code   RO           15    .text.cJSON_IsString  cjson.o
    0x080048c4   0x080048c4   0x00000020   Code   RO           41    .text.cJSON_Parse   cjson.o
    0x080048e4   0x080048e4   0x0000015c   Code   RO           35    .text.cJSON_ParseWithLengthOpts  cjson.o
    0x08004a40   0x08004a40   0x00000002   Code   RO          308    .text.fputc         usart.o
    0x08004a42   0x08004a42   0x00000006   PAD
    0x08004a48   0x08004a48   0x000007b4   Code   RO          206    .text.main          main.o
    0x080051fc   0x080051fc   0x0000004e   Code   RO          187    .text.parse_hex4    cjson.o
    0x0800524a   0x0800524a   0x00000002   PAD
    0x0800524c   0x0800524c   0x000001ae   Code   RO          185    .text.parse_object  cjson.o
    0x080053fa   0x080053fa   0x00000002   PAD
    0x080053fc   0x080053fc   0x0000030c   Code   RO          183    .text.parse_string  cjson.o
    0x08005708   0x08005708   0x00000318   Code   RO           37    .text.parse_value   cjson.o
    0x08005a20   0x08005a20   0x00000020   Code   RO         1574    i.__0printf         mc_w.l(printfa.o)
    0x08005a40   0x08005a40   0x00000034   Code   RO         1575    i.__0snprintf       mc_w.l(printfa.o)
    0x08005a74   0x08005a74   0x00000030   Code   RO         1690    i.__ARM_fpclassify  m_wm.l(fpclassify.o)
    0x08005aa4   0x08005aa4   0x0000005c   Code   RO         1606    i.__free$realloc    mc_w.l(mallocr.o)
    0x08005b00   0x08005b00   0x00000360   Code   RO         1267    i.__hardfp_asin     m_wm.l(asin.o)
    0x08005e60   0x08005e60   0x000002d8   Code   RO         1660    i.__hardfp_atan     m_wm.l(atan.o)
    0x08006138   0x08006138   0x00000200   Code   RO         1274    i.__hardfp_atan2    m_wm.l(atan2.o)
    0x08006338   0x08006338   0x000000c8   Code   RO         1280    i.__hardfp_cos      m_wm.l(cos.o)
    0x08006400   0x08006400   0x00000104   Code   RO         1286    i.__hardfp_fmod     m_wm.l(fmod.o)
    0x08006504   0x08006504   0x000000b0   Code   RO         1292    i.__hardfp_fmodf    m_wm.l(fmodf.o)
    0x080065b4   0x080065b4   0x00000004   PAD
    0x080065b8   0x080065b8   0x000000c8   Code   RO         1298    i.__hardfp_sin      m_wm.l(sin.o)
    0x08006680   0x08006680   0x0000007a   Code   RO         1304    i.__hardfp_sqrt     m_wm.l(sqrt.o)
    0x080066fa   0x080066fa   0x00000006   PAD
    0x08006700   0x08006700   0x00000028   Code   RO         1310    i.__hardfp_strtod   m_wm.l(strtod.o)
    0x08006728   0x08006728   0x00000438   Code   RO         1709    i.__ieee754_rem_pio2  m_wm.l(rred.o)
    0x08006b60   0x08006b60   0x00000170   Code   RO         1667    i.__kernel_cos      m_wm.l(cos_i.o)
    0x08006cd0   0x08006cd0   0x000000f8   Code   RO         1706    i.__kernel_poly     m_wm.l(poly.o)
    0x08006dc8   0x08006dc8   0x00000130   Code   RO         1714    i.__kernel_sin      m_wm.l(sin_i.o)
    0x08006ef8   0x08006ef8   0x00000050   Code   RO         1607    i.__malloc$realloc  mc_w.l(mallocr.o)
    0x08006f48   0x08006f48   0x00000014   Code   RO         1671    i.__mathlib_dbl_infnan  m_wm.l(dunder.o)
    0x08006f5c   0x08006f5c   0x00000014   Code   RO         1672    i.__mathlib_dbl_infnan2  m_wm.l(dunder.o)
    0x08006f70   0x08006f70   0x00000020   Code   RO         1673    i.__mathlib_dbl_invalid  m_wm.l(dunder.o)
    0x08006f90   0x08006f90   0x00000020   Code   RO         1676    i.__mathlib_dbl_underflow  m_wm.l(dunder.o)
    0x08006fb0   0x08006fb0   0x00000010   Code   RO         1695    i.__mathlib_flt_invalid  m_wm.l(funder.o)
    0x08006fc0   0x08006fc0   0x0000000e   Code   RO         1798    i.__scatterload_copy  mc_w.l(handlers.o)
    0x08006fce   0x08006fce   0x00000002   Code   RO         1799    i.__scatterload_null  mc_w.l(handlers.o)
    0x08006fd0   0x08006fd0   0x0000000e   Code   RO         1800    i.__scatterload_zeroinit  mc_w.l(handlers.o)
    0x08006fde   0x08006fde   0x00000002   PAD
    0x08006fe0   0x08006fe0   0x0000000c   Code   RO         1753    i.__set_errno       mc_w.l(errno.o)
    0x08006fec   0x08006fec   0x00000184   Code   RO         1581    i._fp_digits        mc_w.l(printfa.o)
    0x08007170   0x08007170   0x0000000e   Code   RO         1634    i._is_digit         mc_w.l(scanf_fp.o)
    0x0800717e   0x0800717e   0x00000002   PAD
    0x08007180   0x08007180   0x000006dc   Code   RO         1582    i._printf_core      mc_w.l(printfa.o)
    0x0800785c   0x0800785c   0x00000024   Code   RO         1583    i._printf_post_padding  mc_w.l(printfa.o)
    0x08007880   0x08007880   0x0000002e   Code   RO         1584    i._printf_pre_padding  mc_w.l(printfa.o)
    0x080078ae   0x080078ae   0x00000016   Code   RO         1585    i._snputc           mc_w.l(printfa.o)
    0x080078c4   0x080078c4   0x00000010   Code   RO         1662    i.atan              m_wm.l(atan.o)
    0x080078d4   0x080078d4   0x00000018   Code   RO         1686    i.fabs              m_wm.l(fabs.o)
    0x080078ec   0x080078ec   0x00000050   Code   RO         1608    i.internal_alloc    mc_w.l(mallocr.o)
    0x0800793c   0x0800793c   0x00000024   Code   RO         1319    i.puts              mc_w.l(puts.o)
    0x08007960   0x08007960   0x0000006c   Code   RO         1609    i.realloc           mc_w.l(mallocr.o)
    0x080079cc   0x080079cc   0x0000006e   Code   RO         1306    i.sqrt              m_wm.l(sqrt.o)
    0x08007a3a   0x08007a3a   0x00000006   PAD
    0x08007a40   0x08007a40   0x00000050   Data   RO         1270    .constdata          m_wm.l(asin.o)
    0x08007a90   0x08007a90   0x00000098   Data   RO         1663    .constdata          m_wm.l(atan.o)
    0x08007b28   0x08007b28   0x00000030   Data   RO         1668    .constdata          m_wm.l(cos_i.o)
    0x08007b58   0x08007b58   0x00000008   Data   RO         1708    .constdata          m_wm.l(qnan.o)
    0x08007b60   0x08007b60   0x000000cc   Data   RO         1711    .constdata          m_wm.l(rred.o)
    0x08007c2c   0x08007c2c   0x00000004   PAD
    0x08007c30   0x08007c30   0x00000028   Data   RO         1715    .constdata          m_wm.l(sin_i.o)
    0x08007c58   0x08007c58   0x00000040   Data   RO         1794    .constdata          mc_w.l(ctype_c.o)
    0x08007c98   0x08007c98   0x00000010   Data   RO         1112    .rodata.AHBPrescTable  system_stm32f4xx.o
    0x08007ca8   0x08007ca8   0x00000008   Data   RO         1113    .rodata.APBPrescTable  system_stm32f4xx.o
    0x08007cb0   0x08007cb0   0x00000013   Data   RO          197    .rodata.str1.1      cjson.o
    0x08007cc3   0x08007cc3   0x0000010a   Data   RO          230    .rodata.str1.1      main.o
    0x08007dcd   0x08007dcd   0x000003bc   Data   RO         1167    .rodata.str1.1      protocol.o
    0x08008189   0x08008189   0x00000008   Data   RO         1187    .rodata.tx_all      gnss_sensor.o
    0x08008191   0x08008191   0x00000008   Data   RO         1207    .rodata.tx_frame    heading_sensor.o
    0x08008199   0x08008199   0x00000003   PAD
    0x0800819c   0x0800819c   0x00000020   Data   RO         1797    Region$$Table       anon$$obj.o


    Execution Region RW_IRAM1 (Exec base: 0x20000000, Load base: 0x080081c0, Size: 0x00006a20, Max: 0x0001c000, ABSOLUTE)

    Exec Addr    Load Addr    Size         Type   Attr      Idx    E Section Name        Object

    0x20000000   0x080081c0   0x00000004   Data   RW         1731    .data               mc_w.l(stdout.o)
    0x20000004   0x080081c4   0x00000004   Data   RW         1749    .data               mc_w.l(mvars.o)
    0x20000008   0x080081c8   0x00000004   Data   RW         1750    .data               mc_w.l(mvars.o)
    0x2000000c   0x080081cc   0x00000004   Data   RW         1754    .data               mc_w.l(errno.o)
    0x20000010   0x080081d0   0x00000004   Data   RW         1111    .data.SystemCoreClock  system_stm32f4xx.o
    0x20000014   0x080081d4   0x00000001   Data   RW          224    .data.System_ProcessCommand.s_last_mode  main.o
    0x20000015   0x080081d5   0x00000003   PAD
    0x20000018   0x080081d8   0x0000000c   Data   RW          196    .data.global_hooks  cjson.o
    0x20000024   0x080081e4   0x00000001   Data   RW         1236    .data.s_max_speed   navigation_controller.o
    0x20000025   0x080081e5   0x00000001   Data   RW          802    .data.uwTickFreq    stm32f4xx_hal.o
    0x20000026   0x080081e6   0x00000002   PAD
    0x20000028   0x080081e8   0x00000004   Data   RW          801    .data.uwTickPrio    stm32f4xx_hal.o
    0x2000002c   0x080081ec   0x00000004   PAD
    0x20000030        -       0x00000004   Zero   RW         1136    .bss.LED_Blink_Callback.last_tick  led.o
    0x20000034        -       0x00000004   Zero   RW          225    .bss.System_ProcessCommand.s_last_target_lat  main.o
    0x20000038        -       0x00000004   Zero   RW          226    .bss.System_ProcessCommand.s_last_target_lon  main.o
    0x2000003c        -       0x00000004   Zero   RW          215    .bss.System_SendDriverCommand.last_send_tick  main.o
    0x20000040        -       0x00000004   Zero   RW          232    .bss.System_UpdateNavigation.last_print_tick  main.o
    0x20000044        -       0x00000004   Zero   RW          231    .bss.System_UpdateNavigation.last_update_tick  main.o
    0x20000048        -       0x00000001   Zero   RW          218    .bss.System_UpdateSensors.gnss_anomaly_count  main.o
    0x20000049        -       0x00000001   Zero   RW          219    .bss.System_UpdateSensors.heading_anomaly_count  main.o
    0x2000004a   0x080081ec   0x00000002   PAD
    0x2000004c        -       0x00000004   Zero   RW          216    .bss.System_UpdateSensors.last_update_tick  main.o
    0x20000050        -       0x00000001   Zero   RW          217    .bss.System_UpdateSensors.sensor_index  main.o
    0x20000051   0x080081ec   0x00000003   PAD
    0x20000054        -       0x00000004   Zero   RW          233    .bss.System_UpdateTelemetry.last_send_tick  main.o
    0x20000058        -       0x00000001   Zero   RW         1134    .bss.blink_count    led.o
    0x20000059   0x080081ec   0x00000003   PAD
    0x2000005c        -       0x00000004   Zero   RW         1135    .bss.blink_interval  led.o
    0x20000060        -       0x00000004   Zero   RW          193    .bss.global_error.0  cjson.o
    0x20000064        -       0x00000004   Zero   RW          194    .bss.global_error.1  cjson.o
    0x20000068        -       0x00000028   Zero   RW          259    .bss.hcan1          can.o
    0x20000090        -       0x00000054   Zero   RW          274    .bss.hi2c3          i2c.o
    0x200000e4        -       0x0000000c   Zero   RW          285    .bss.hiwdg          iwdg.o
    0x200000f0        -       0x00000048   Zero   RW          312    .bss.huart1         usart.o
    0x20000138        -       0x00000048   Zero   RW          313    .bss.huart2         usart.o
    0x20000180        -       0x00000048   Zero   RW          314    .bss.huart3         usart.o
    0x200001c8        -       0x00000048   Zero   RW          310    .bss.huart4         usart.o
    0x20000210        -       0x00000048   Zero   RW          311    .bss.huart5         usart.o
    0x20000258        -       0x00000048   Zero   RW          315    .bss.huart6         usart.o
    0x200002a0        -       0x00000018   Zero   RW          222    .bss.s_command      main.o
    0x200002b8        -       0x00000002   Zero   RW         1234    .bss.s_control_output  navigation_controller.o
    0x200002ba   0x080081ec   0x00000002   PAD
    0x200002bc        -       0x00000004   Zero   RW          227    .bss.s_dir_cruise_base_heading  main.o
    0x200002c0        -       0x00000008   Zero   RW          228    .bss.s_dir_cruise_target_lat  main.o
    0x200002c8        -       0x00000008   Zero   RW          229    .bss.s_dir_cruise_target_lon  main.o
    0x200002d0        -       0x00000001   Zero   RW         1186    .bss.s_frame_err_count  gnss_sensor.o
    0x200002d1        -       0x00000001   Zero   RW         1206    .bss.s_frame_err_count  heading_sensor.o
    0x200002d2   0x080081ec   0x00000002   PAD
    0x200002d4        -       0x00000014   Zero   RW          220    .bss.s_gnss         main.o
    0x200002e8        -       0x00000001   Zero   RW         1165    .bss.s_has_ever_received  protocol.o
    0x200002e9        -       0x00000001   Zero   RW         1162    .bss.s_has_new_data  protocol.o
    0x200002ea   0x080081ec   0x00000002   PAD
    0x200002ec        -       0x00000018   Zero   RW          221    .bss.s_heading      main.o
    0x20000304   0x080081ec   0x00000004   PAD
    0x20000308        -       0x00000008   Zero   RW         1237    .bss.s_heading_error_prev  navigation_controller.o
    0x20000310        -       0x00000200   Zero   RW         1160    .bss.s_json_buffer  protocol.o
    0x20000510        -       0x00000004   Zero   RW         1164    .bss.s_last_receive_time  protocol.o
    0x20000514        -       0x00000004   Zero   RW         1185    .bss.s_last_success_tick  gnss_sensor.o
    0x20000518        -       0x00000004   Zero   RW         1205    .bss.s_last_success_tick  heading_sensor.o
    0x2000051c        -       0x00000001   Zero   RW          212    .bss.s_move_speed   main.o
    0x2000051d   0x080081ec   0x00000003   PAD
    0x20000520        -       0x00000018   Zero   RW          214    .bss.s_nav_status   main.o
    0x20000538        -       0x00000018   Zero   RW         1235    .bss.s_nav_status   navigation_controller.o
    0x20000550        -       0x00000018   Zero   RW         1161    .bss.s_parsed_command  protocol.o
    0x20000568        -       0x00000008   Zero   RW         1241    .bss.s_pos_error_prev  navigation_controller.o
    0x20000570        -       0x00000001   Zero   RW          223    .bss.s_return_home_active  main.o
    0x20000571        -       0x00000001   Zero   RW         1257    .bss.s_rsoc         bms_sensor.o
    0x20000572   0x080081ec   0x00000002   PAD
    0x20000574        -       0x00000200   Zero   RW         1159    .bss.s_rx_buffer    protocol.o
    0x20000774        -       0x00000001   Zero   RW         1163    .bss.s_rx_pending   protocol.o
    0x20000775   0x080081ec   0x00000003   PAD
    0x20000778        -       0x00000008   Zero   RW         1242    .bss.s_speed_cmd    navigation_controller.o
    0x20000780        -       0x00000008   Zero   RW         1240    .bss.s_steer_cmd    navigation_controller.o
    0x20000788        -       0x00000001   Zero   RW          213    .bss.s_steer_speed  main.o
    0x20000789   0x080081ec   0x00000007   PAD
    0x20000790        -       0x00000008   Zero   RW         1232    .bss.s_target.0     navigation_controller.o
    0x20000798        -       0x00000008   Zero   RW         1233    .bss.s_target.1     navigation_controller.o
    0x200007a0        -       0x00000008   Zero   RW         1238    .bss.s_target_turn  navigation_controller.o
    0x200007a8        -       0x0000003c   Zero   RW          234    .bss.s_telemetry    main.o
    0x200007e4   0x080081ec   0x00000004   PAD
    0x200007e8        -       0x00000008   Zero   RW         1239    .bss.s_turn_error_prev  navigation_controller.o
    0x200007f0        -       0x00000200   Zero   RW         1166    .bss.s_tx_buffer    protocol.o
    0x200009f0        -       0x00000014   Zero   RW         1184    .bss.sensor_data    gnss_sensor.o
    0x20000a04        -       0x00000018   Zero   RW         1204    .bss.sensor_data    heading_sensor.o
    0x20000a1c        -       0x00000004   Zero   RW          803    .bss.uwTick         stm32f4xx_hal.o
    0x20000a20        -       0x00002000   Zero   RW            2    HEAP                startup_stm32f405xx.o
    0x20002a20        -       0x00004000   Zero   RW            1    STACK               startup_stm32f405xx.o


    Execution Region RW_IRAM2 (Exec base: 0x2001c000, Load base: 0x080081f0, Size: 0x00000000, Max: 0x00004000, ABSOLUTE)

    **** No section assigned to this execution region ****


==============================================================================

Image component sizes


      Code (inc. data)   RO Data    RW Data    ZI Data      Debug   Object Name

        14          0          0          0          1       2914   bms_sensor.o
       180          0          0          0         40       4246   can.o
      2762        140         19         12          8      67035   cjson.o
       626         16          8          0         25       4057   gnss_sensor.o
       212          0          0          0          0       2172   gpio.o
       580         20          8          0         29       3528   heading_sensor.o
       244          0          0          0         84       5274   i2c.o
        46          0          0          0         12       1200   iwdg.o
       150          0          0          0          9       2067   led.o
      2148        154        266          1        206       9261   main.o
      3268        352          0          1         90       7089   navigation_controller.o
      2352        284        956          0       1567      12977   protocol.o
        36          8        392          0      24576        816   startup_stm32f405xx.o
       172          0          0          5          4       7228   stm32f4xx_hal.o
       244          0          0          0          0      13527   stm32f4xx_hal_can.o
       196          0          0          0          0      10650   stm32f4xx_hal_cortex.o
       164          0          0          0          0       9721   stm32f4xx_hal_dma.o
       430          0          0          0          0       5084   stm32f4xx_hal_gpio.o
       368          0          0          0          0      48072   stm32f4xx_hal_i2c.o
       108          0          0          0          0       1588   stm32f4xx_hal_iwdg.o
        56          0          0          0          0       1433   stm32f4xx_hal_msp.o
      1394          4          0          0          0       7486   stm32f4xx_hal_rcc.o
      1970          0          0          0          0      26599   stm32f4xx_hal_uart.o
       124          0          0          0          0       4830   stm32f4xx_it.o
        18          0         24          4          0       2566   system_stm32f4xx.o
       998          0          0          0        432       8697   usart.o

    ----------------------------------------------------------------------
     18964        982       1708         28      27124     270117   Object Totals
         0          0         32          0          0          0   (incl. Generated)
       104          4          3          5         41          0   (incl. Padding)

    ----------------------------------------------------------------------

      Code (inc. data)   RO Data    RW Data    ZI Data      Debug   Library Member Name

       864         94         80          0          0        280   asin.o
       744        106        152          0          0        352   atan.o
       512         64          0          0          0        208   atan2.o
       200         20          0          0          0        164   cos.o
       368         46         48          0          0        200   cos_i.o
       104         16          0          0          0        496   dunder.o
        24          0          0          0          0        124   fabs.o
       260          6          0          0          0        144   fmod.o
       176          0          0          0          0        168   fmodf.o
        48          0          0          0          0        124   fpclassify.o
        16          6          0          0          0        116   funder.o
       248          0          0          0          0        152   poly.o
         0          0          8          0          0          0   qnan.o
      1080        142        204          0          0        188   rred.o
       200         20          0          0          0        164   sin.o
       304         24         40          0          0        208   sin_i.o
       232          0          0          0          0        296   sqrt.o
        40          8          0          0          0        128   strtod.o
        64          0          0          0          0         84   _sgetc.o
        40          6         64          0          0         68   ctype_c.o
         0          0          0          0          0          0   entry.o
         0          0          0          0          0          0   entry10a.o
         0          0          0          0          0          0   entry11a.o
         8          4          0          0          0          0   entry2.o
         4          0          0          0          0          0   entry5.o
         0          0          0          0          0          0   entry7b.o
         0          0          0          0          0          0   entry8b.o
         8          4          0          0          0          0   entry9a.o
        12          6          0          4          0         68   errno.o
        30          0          0          0          0          0   handlers.o
        48         10          0          0          0         68   init.o
        10          0          0          0          0         68   isspace_c.o
         0          0          0          0          0          0   iusefp.o
        30          0          0          0          0         68   llshl.o
        36          0          0          0          0         68   llsshr.o
        32          0          0          0          0         68   llushr.o
       360         30          0          0          0        356   mallocr.o
        36          0          0          0          0         68   memcpya.o
        36          0          0          0          0        108   memseta.o
         0          0          0          8          0          0   mvars.o
      2332         94          0          0          0        608   printfa.o
        36          6          0          0          0         80   puts.o
       878         12          0          0          0        216   scanf_fp.o
         0          0          0          4          0          0   stdout.o
        28          0          0          0          0         76   strcmp.o
        14          0          0          0          0         68   strlen.o
        30          0          0          0          0         80   strncmp.o
       168         12          0          0          0        124   strtod.o
        44          0          0          0          0         80   uidiv.o
        98          0          0          0          0         92   uldiv.o
        48          0          0          0          0         68   cdcmple.o
        48          0          0          0          0         68   cdrcmple.o
        56          0          0          0          0         88   d2f.o
       334          0          0          0          0        148   dadd.o
        56          0          0          0          0         80   dcmpeq.o
        54          0          0          0          0         80   dcmpge.o
        54          0          0          0          0         80   dcmpgt.o
        54          0          0          0          0         80   dcmple.o
        54          0          0          0          0         80   dcmplt.o
       222          0          0          0          0        100   ddiv.o
       186          0          0          0          0        176   depilogue.o
        62          0          0          0          0         80   dfixi.o
        48          0          0          0          0         68   dfixul.o
        34          0          0          0          0         76   dflti.o
        26          0          0          0          0         76   dfltui.o
        24          0          0          0          0         76   dfltul.o
       228          0          0          0          0         96   dmul.o
       134          0          0          0          0         96   drem.o
       162          0          0          0          0        100   dsqrt.o
        38          0          0          0          0         68   f2d.o
       110          0          0          0          0        168   fepilogue.o
        82          0          0          0          0         96   frem.o

    ----------------------------------------------------------------------
     11940        736        600         16          0       8076   Library Totals
        24          0          4          0          0          0   (incl. Padding)

    ----------------------------------------------------------------------

      Code (inc. data)   RO Data    RW Data    ZI Data      Debug   Library Name

      5420        552        532          0          0       3512   m_wm.l
      4382        184         64         16          0       2516   mc_w.l
      2114          0          0          0          0       2048   mf_w.l

    ----------------------------------------------------------------------
     11940        736        600         16          0       8076   Library Totals

    ----------------------------------------------------------------------

==============================================================================


      Code (inc. data)   RO Data    RW Data    ZI Data      Debug   

     30904       1718       2308         44      27124     273269   Grand Totals
     30904       1718       2308         44      27124     273269   ELF Image Totals
     30904       1718       2308         44          0          0   ROM Totals

==============================================================================

    Total RO  Size (Code + RO Data)                33212 (  32.43kB)
    Total RW  Size (RW Data + ZI Data)             27168 (  26.53kB)
    Total ROM Size (Code + RO Data + RW Data)      33256 (  32.48kB)

==============================================================================

